Archive member included to satisfy reference by file (symbol)

/opt/st/stm32cubeide_1.11.0/plugins/com.st.stm32cube.ide.mcu.externaltools.gnu-tools-for-stm32.10.3-2021.10.linux64_1.0.100.202210260954/tools/bin/../lib/gcc/arm-none-eabi/10.3.1/../../../../arm-none-eabi/lib/thumb/v7e-m+fp/hard/libc_nano.a(lib_a-errno.o)
                              ./Core/Src/syscalls.o (__errno)
/opt/st/stm32cubeide_1.11.0/plugins/com.st.stm32cube.ide.mcu.externaltools.gnu-tools-for-stm32.10.3-2021.10.linux64_1.0.100.202210260954/tools/bin/../lib/gcc/arm-none-eabi/10.3.1/../../../../arm-none-eabi/lib/thumb/v7e-m+fp/hard/libc_nano.a(lib_a-exit.o)
                              /opt/st/stm32cubeide_1.11.0/plugins/com.st.stm32cube.ide.mcu.externaltools.gnu-tools-for-stm32.10.3-2021.10.linux64_1.0.100.202210260954/tools/bin/../lib/gcc/arm-none-eabi/10.3.1/../../../../arm-none-eabi/lib/thumb/v7e-m+fp/hard/crt0.o (exit)
/opt/st/stm32cubeide_1.11.0/plugins/com.st.stm32cube.ide.mcu.externaltools.gnu-tools-for-stm32.10.3-2021.10.linux64_1.0.100.202210260954/tools/bin/../lib/gcc/arm-none-eabi/10.3.1/../../../../arm-none-eabi/lib/thumb/v7e-m+fp/hard/libc_nano.a(lib_a-findfp.o)
                              ./Middlewares/Third_Party/FreeRTOS/Source/tasks.o (__sf_fake_stderr)
/opt/st/stm32cubeide_1.11.0/plugins/com.st.stm32cube.ide.mcu.externaltools.gnu-tools-for-stm32.10.3-2021.10.linux64_1.0.100.202210260954/tools/bin/../lib/gcc/arm-none-eabi/10.3.1/../../../../arm-none-eabi/lib/thumb/v7e-m+fp/hard/libc_nano.a(lib_a-fwalk.o)
                              /opt/st/stm32cubeide_1.11.0/plugins/com.st.stm32cube.ide.mcu.externaltools.gnu-tools-for-stm32.10.3-2021.10.linux64_1.0.100.202210260954/tools/bin/../lib/gcc/arm-none-eabi/10.3.1/../../../../arm-none-eabi/lib/thumb/v7e-m+fp/hard/libc_nano.a(lib_a-findfp.o) (_fwalk)
/opt/st/stm32cubeide_1.11.0/plugins/com.st.stm32cube.ide.mcu.externaltools.gnu-tools-for-stm32.10.3-2021.10.linux64_1.0.100.202210260954/tools/bin/../lib/gcc/arm-none-eabi/10.3.1/../../../../arm-none-eabi/lib/thumb/v7e-m+fp/hard/libc_nano.a(lib_a-impure.o)
                              /opt/st/stm32cubeide_1.11.0/plugins/com.st.stm32cube.ide.mcu.externaltools.gnu-tools-for-stm32.10.3-2021.10.linux64_1.0.100.202210260954/tools/bin/../lib/gcc/arm-none-eabi/10.3.1/../../../../arm-none-eabi/lib/thumb/v7e-m+fp/hard/libc_nano.a(lib_a-exit.o) (_global_impure_ptr)
/opt/st/stm32cubeide_1.11.0/plugins/com.st.stm32cube.ide.mcu.externaltools.gnu-tools-for-stm32.10.3-2021.10.linux64_1.0.100.202210260954/tools/bin/../lib/gcc/arm-none-eabi/10.3.1/../../../../arm-none-eabi/lib/thumb/v7e-m+fp/hard/libc_nano.a(lib_a-init.o)
                              /opt/st/stm32cubeide_1.11.0/plugins/com.st.stm32cube.ide.mcu.externaltools.gnu-tools-for-stm32.10.3-2021.10.linux64_1.0.100.202210260954/tools/bin/../lib/gcc/arm-none-eabi/10.3.1/../../../../arm-none-eabi/lib/thumb/v7e-m+fp/hard/crt0.o (__libc_init_array)
/opt/st/stm32cubeide_1.11.0/plugins/com.st.stm32cube.ide.mcu.externaltools.gnu-tools-for-stm32.10.3-2021.10.linux64_1.0.100.202210260954/tools/bin/../lib/gcc/arm-none-eabi/10.3.1/../../../../arm-none-eabi/lib/thumb/v7e-m+fp/hard/libc_nano.a(lib_a-lock.o)
                              /opt/st/stm32cubeide_1.11.0/plugins/com.st.stm32cube.ide.mcu.externaltools.gnu-tools-for-stm32.10.3-2021.10.linux64_1.0.100.202210260954/tools/bin/../lib/gcc/arm-none-eabi/10.3.1/../../../../arm-none-eabi/lib/thumb/v7e-m+fp/hard/libc_nano.a(lib_a-findfp.o) (__retarget_lock_init_recursive)
/opt/st/stm32cubeide_1.11.0/plugins/com.st.stm32cube.ide.mcu.externaltools.gnu-tools-for-stm32.10.3-2021.10.linux64_1.0.100.202210260954/tools/bin/../lib/gcc/arm-none-eabi/10.3.1/../../../../arm-none-eabi/lib/thumb/v7e-m+fp/hard/libc_nano.a(lib_a-malloc.o)
                              ./Core/Src/Control/controller.o (malloc)
/opt/st/stm32cubeide_1.11.0/plugins/com.st.stm32cube.ide.mcu.externaltools.gnu-tools-for-stm32.10.3-2021.10.linux64_1.0.100.202210260954/tools/bin/../lib/gcc/arm-none-eabi/10.3.1/../../../../arm-none-eabi/lib/thumb/v7e-m+fp/hard/libc_nano.a(lib_a-memcpy-stub.o)
                              ./Core/Src/Control/controller.o (memcpy)
/opt/st/stm32cubeide_1.11.0/plugins/com.st.stm32cube.ide.mcu.externaltools.gnu-tools-for-stm32.10.3-2021.10.linux64_1.0.100.202210260954/tools/bin/../lib/gcc/arm-none-eabi/10.3.1/../../../../arm-none-eabi/lib/thumb/v7e-m+fp/hard/libc_nano.a(lib_a-memset.o)
                              /opt/st/stm32cubeide_1.11.0/plugins/com.st.stm32cube.ide.mcu.externaltools.gnu-tools-for-stm32.10.3-2021.10.linux64_1.0.100.202210260954/tools/bin/../lib/gcc/arm-none-eabi/10.3.1/../../../../arm-none-eabi/lib/thumb/v7e-m+fp/hard/crt0.o (memset)
/opt/st/stm32cubeide_1.11.0/plugins/com.st.stm32cube.ide.mcu.externaltools.gnu-tools-for-stm32.10.3-2021.10.linux64_1.0.100.202210260954/tools/bin/../lib/gcc/arm-none-eabi/10.3.1/../../../../arm-none-eabi/lib/thumb/v7e-m+fp/hard/libc_nano.a(lib_a-mstats.o)
[...]
Memory Configuration

Name             Origin             Length             Attributes
RAM              0x0000000020000000 0x0000000000018000 xrw
RAM2             0x0000000010000000 0x0000000000008000 xrw
FLASH            0x0000000008000000 0x0000000000100000 xr
*default*        0x0000000000000000 0xffffffffffffffff

Linker script and memory map

LOAD /opt/st/stm32cubeide_1.11.0/plugins/com.st.stm32cube.ide.mcu.externaltools.gnu-tools-for-stm32.10.3-2021.10.linux64_1.0.100.202210260954/tools/bin/../lib/gcc/arm-none-eabi/10.3.1/thumb/v7e-m+fp/hard/crti.o
LOAD /opt/st/stm32cubeide_1.11.0/plugins/com.st.stm32cube.ide.mcu.externaltools.gnu-tools-for-stm32.10.3-2021.10.linux64_1.0.100.202210260954/tools/bin/../lib/gcc/arm-none-eabi/10.3.1/thumb/v7e-m+fp/hard/crtbegin.o
LOAD /opt/st/stm32cubeide_1.11.0/plugins/com.st.stm32cube.ide.mcu.externaltools.gnu-tools-for-stm32.10.3-2021.10.linux64_1.0.100.202210260954/tools/bin/../lib/gcc/arm-none-eabi/10.3.1/../../../../arm-none-eabi/lib/thumb/v7e-m+fp/hard/crt0.o
LOAD ./Core/Src/Control/controller.o
LOAD ./Core/Src/Control/pid_controller.o
LOAD ./Core/Src/Control/setpoint.o
LOAD ./Core/Src/Filter/Kalman.o
LOAD ./Core/Src/Filter/MedianFilter.o
LOAD ./Core/Src/Filter/complementary_filter.o
LOAD ./Core/Src/Filter/filter.o
LOAD ./Core/Src/Main/main.o
LOAD ./Core/Src/Peripherals/Clock/peri_clock.o
LOAD ./Core/Src/Peripherals/I2C/i2c.o
LOAD ./Core/Src/Peripherals/Radio/radio.o
LOAD ./Core/Src/Peripherals/Status/status_monitor.o
LOAD ./Core/Src/Peripherals/Timer/timer.o
LOAD ./Core/Src/Peripherals/Usart/usart.o
LOAD ./Core/Src/Peripherals/Usart/usart_comm.o
LOAD ./Core/Src/Sensor/imu.o
LOAD ./Core/Src/Sensor/sensor.o
LOAD ./Core/Src/Telemetry/telemetry.o
LOAD ./Core/Src/freertos.o
LOAD ./Core/Src/stm32l4xx_hal_msp.o
LOAD ./Core/Src/stm32l4xx_hal_timebase_tim.o
LOAD ./Core/Src/stm32l4xx_it.o
LOAD ./Core/Src/syscalls.o
LOAD ./Core/Src/sysmem.o
LOAD ./Core/Src/system_stm32l4xx.o
LOAD ./Core/Src/io/io.o
LOAD ./Core/Startup/startup_stm32l476rgtx.o
LOAD ./Drivers/STM32L4xx_HAL_Driver/Src/stm32l4xx_hal.o
LOAD ./Drivers/STM32L4xx_HAL_Driver/Src/stm32l4xx_hal_cortex.o
LOAD ./Drivers/STM32L4xx_HAL_Driver/Src/stm32l4xx_hal_dma.o
LOAD ./Drivers/STM32L4xx_HAL_Driver/Src/stm32l4xx_hal_dma_ex.o
LOAD ./Drivers/STM32L4xx_HAL_Driver/Src/stm32l4xx_hal_exti.o
LOAD ./Drivers/STM32L4xx_HAL_Driver/Src/stm32l4xx_hal_flash.o
LOAD ./Drivers/STM32L4xx_HAL_Driver/Src/stm32l4xx_hal_flash_ex.o
LOAD ./Drivers/STM32L4xx_HAL_Driver/Src/stm32l4xx_hal_flash_ramfunc.o
LOAD ./Drivers/STM32L4xx_HAL_Driver/Src/stm32l4xx_hal_gpio.o
LOAD ./Drivers/STM32L4xx_HAL_Driver/Src/stm32l4xx_hal_i2c.o
LOAD ./Drivers/STM32L4xx_HAL_Driver/Src/stm32l4xx_hal_i2c_ex.o
LOAD ./Drivers/STM32L4xx_HAL_Driver/Src/stm32l4xx_hal_pwr.o
LOAD ./Drivers/STM32L4xx_HAL_Driver/Src/stm32l4xx_hal_pwr_ex.o
LOAD ./Drivers/STM32L4xx_HAL_Driver/Src/stm32l4xx_hal_rcc.o
LOAD ./Drivers/STM32L4xx_HAL_Driver/Src/stm32l4xx_hal_rcc_ex.o
LOAD ./Drivers/STM32L4xx_HAL_Driver/Src/stm32l4xx_hal_tim.o
LOAD ./Drivers/STM32L4xx_HAL_Driver/Src/stm32l4xx_hal_tim_ex.o
LOAD ./Drivers/STM32L4xx_HAL_Driver/Src/stm32l4xx_hal_uart.o
LOAD ./Drivers/STM32L4xx_HAL_Driver/Src/stm32l4xx_hal_uart_ex.o
LOAD ./Middlewares/Third_Party/FreeRTOS/Source/CMSIS_RTOS_V2/cmsis_os2.o
LOAD ./Middlewares/Third_Party/FreeRTOS/Source/croutine.o
LOAD ./Middlewares/Third_Party/FreeRTOS/Source/event_groups.o
LOAD ./Middlewares/Third_Party/FreeRTOS/Source/list.o
LOAD ./Middlewares/Third_Party/FreeRTOS/Source/queue.o
LOAD ./Middlewares/Third_Party/FreeRTOS/Source/stream_buffer.o
LOAD ./Middlewares/Third_Party/FreeRTOS/Source/tasks.o
LOAD ./Middlewares/Third_Party/FreeRTOS/Source/timers.o
LOAD ./Middlewares/Third_Party/FreeRTOS/Source/portable/GCC/ARM_CM4F/port.o
LOAD ./Middlewares/Third_Party/FreeRTOS/Source/portable/MemMang/heap_4.o
START GROUP
LOAD /opt/st/stm32cubeide_1.11.0/plugins/com.st.stm32cube.ide.mcu.externaltools.gnu-tools-for-stm32.10.3-2021.10.linux64_1.0.100.202210260954/tools/bin/../lib/gcc/arm-none-eabi/10.3.1/../../../../arm-none-eabi/lib/thumb/v7e-m+fp/hard/libc_nano.a
LOAD /opt/st/stm32cubeide_1.11.0/plugins/com.st.stm32cube.ide.mcu.externaltools.gnu-tools-for-stm32.10.3-2021.10.linux64_1.0.100.202210260954/tools/bin/../lib/gcc/arm-none-eabi/10.3.1/../../../../arm-none-eabi/lib/thumb/v7e-m+fp/hard/libm.a
END GROUP
START GROUP
LOAD /opt/st/stm32cubeide_1.11.0/plugins/com.st.stm32cube.ide.mcu.externaltools.gnu-tools-for-stm32.10.3-2021.10.linux64_1.0.100.202210260954/tools/bin/../lib/gcc/arm-none-eabi/10.3.1/thumb/v7e-m+fp/hard/libgcc.a
LOAD /opt/st/stm32cubeide_1.11.0/plugins/com.st.stm32cube.ide.mcu.externaltools.gnu-tools-for-stm32.10.3-2021.10.linux64_1.0.100.202210260954/tools/bin/../lib/gcc/arm-none-eabi/10.3.1/../../../../arm-none-eabi/lib/thumb/v7e-m+fp/hard/libc_nano.a
END GROUP
START GROUP
LOAD /opt/st/stm32cubeide_1.11.0/plugins/com.st.stm32cube.ide.mcu.externaltools.gnu-tools-for-stm32.10.3-2021.10.linux64_1.0.100.202210260954/tools/bin/../lib/gcc/arm-none-eabi/10.3.1/thumb/v7e-m+fp/hard/libgcc.a
LOAD /opt/st/stm32cubeide_1.11.0/plugins/com.st.stm32cube.ide.mcu.externaltools.gnu-tools-for-stm32.10.3-2021.10.linux64_1.0.100.202210260954/tools/bin/../lib/gcc/arm-none-eabi/10.3.1/../../../../arm-none-eabi/lib/thumb/v7e-m+fp/hard/libc_nano.a
LOAD /opt/st/stm32cubeide_1.11.0/plugins/com.st.stm32cube.ide.mcu.externaltools.gnu-tools-for-stm32.10.3-2021.10.linux64_1.0.100.202210260954/tools/bin/../lib/gcc/arm-none-eabi/10.3.1/../../../../arm-none-eabi/lib/thumb/v7e-m+fp/hard/libnosys.a
END GROUP
START GROUP
LOAD /opt/st/stm32cubeide_1.11.0/plugins/com.st.stm32cube.ide.mcu.externaltools.gnu-tools-for-stm32.10.3-2021.10.linux64_1.0.100.202210260954/tools/bin/../lib/gcc/arm-none-eabi/10.3.1/thumb/v7e-m+fp/hard/libgcc.a
LOAD /opt/st/stm32cubeide_1.11.0/plugins/com.st.stm32cube.ide.mcu.externaltools.gnu-tools-for-stm32.10.3-2021.10.linux64_1.0.100.202210260954/tools/bin/../lib/gcc/arm-none-eabi/10.3.1/../../../../arm-none-eabi/lib/thumb/v7e-m+fp/hard/libc_nano.a
LOAD /opt/st/stm32cubeide_1.11.0/plugins/com.st.stm32cube.ide.mcu.externaltools.gnu-tools-for-stm32.10.3-2021.10.linux64_1.0.100.202210260954/tools/bin/../lib/gcc/arm-none-eabi/10.3.1/../../../../arm-none-eabi/lib/thumb/v7e-m+fp/hard/libnosys.a
END GROUP
LOAD /opt/st/stm32cubeide_1.11.0/plugins/com.st.stm32cube.ide.mcu.externaltools.gnu-tools-for-stm32.10.3-2021.10.linux64_1.0.100.202210260954/tools/bin/../lib/gcc/arm-none-eabi/10.3.1/thumb/v7e-m+fp/hard/crtend.o
LOAD /opt/st/stm32cubeide_1.11.0/plugins/com.st.stm32cube.ide.mcu.externaltools.gnu-tools-for-stm32.10.3-2021.10.linux64_1.0.100.202210260954/tools/bin/../lib/gcc/arm-none-eabi/10.3.1/thumb/v7e-m+fp/hard/crtn.o
                0x0000000020018000                _estack = (ORIGIN (RAM) + LENGTH (RAM))
                0x0000000000000200                _Min_Heap_Size = 0x200
                0x0000000000000400                _Min_Stack_Size = 0x400

.isr_vector     0x0000000008000000      0x188
                0x0000000008000000                . = ALIGN (0x4)
 *(.isr_vector)
 .isr_vector    0x0000000008000000      0x188 ./Core/Startup/startup_stm32l476rgtx.o
                0x0000000008000000                g_pfnVectors
                0x0000000008000188                . = ALIGN (0x4)

.text           0x0000000008000190     0xba44
                0x0000000008000190                . = ALIGN (0x4)
 *(.text)
 .text          0x0000000008000190       0x40 /opt/st/stm32cubeide_1.11.0/plugins/com.st.stm32cube.ide.mcu.externaltools.gnu-tools-for-stm32.10.3-2021.10.linux64_1.0.100.202210260954/tools/bin/../lib/gcc/arm-none-eabi/10.3.1/thumb/v7e-m+fp/hard/crtbegin.o
 .text          0x00000000080001d0       0x10 /opt/st/stm32cubeide_1.11.0/plugins/com.st.stm32cube.ide.mcu.externaltools.gnu-tools-for-stm32.10.3-2021.10.linux64_1.0.100.202210260954/tools/bin/../lib/gcc/arm-none-eabi/10.3.1/../../../../arm-none-eabi/lib/thumb/v7e-m+fp/hard/libc_nano.a(lib_a-strlen.o)
                0x00000000080001d0                strlen
 .text          0x00000000080001e0       0xa0 /opt/st/stm32cubeide_1.11.0/plugins/com.st.stm32cube.ide.mcu.externaltools.gnu-tools-for-stm32.10.3-2021.10.linux64_1.0.100.202210260954/tools/bin/../lib/gcc/arm-none-eabi/10.3.1/../../../../arm-none-eabi/lib/thumb/v7e-m+fp/hard/libc_nano.a(lib_a-memchr.o)
                0x00000000080001e0                memchr
 .text          0x0000000008000280      0x378 /opt/st/stm32cubeide_1.11.0/plugins/com.st.stm32cube.ide.mcu.externaltools.gnu-tools-for-stm32.10.3-2021.10.linux64_1.0.100.202210260954/tools/bin/../lib/gcc/arm-none-eabi/10.3.1/thumb/v7e-m+fp/hard/libgcc.a(_arm_addsubdf3.o)
                0x0000000008000280                __aeabi_drsub
                0x0000000008000288                __aeabi_dsub
                0x0000000008000288                __subdf3
                0x000000000800028c                __adddf3
                0x000000000800028c                __aeabi_dadd
                0x0000000008000504                __aeabi_ui2d
                0x0000000008000504                __floatunsidf
                0x0000000008000524                __floatsidf
                0x0000000008000524                __aeabi_i2d
                0x0000000008000548                __extendsfdf2
                0x0000000008000548                __aeabi_f2d
                0x000000000800058c                __aeabi_ul2d
                0x000000000800058c                __floatundidf
                0x000000000800059c                __floatdidf
                0x000000000800059c                __aeabi_l2d
 .text          0x00000000080005f8      0x424 /opt/st/stm32cubeide_1.11.0/plugins/com.st.stm32cube.ide.mcu.externaltools.gnu-tools-for-stm32.10.3-2021.10.linux64_1.0.100.202210260954/tools/bin/../lib/gcc/arm-none-eabi/10.3.1/thumb/v7e-m+fp/hard/libgcc.a(_arm_muldivdf3.o)
                0x00000000080005f8                __aeabi_dmul
                0x00000000080005f8                __muldf3
                0x000000000800084c                __aeabi_ddiv
                0x000000000800084c                __divdf3
 .text          0x0000000008000a1c      0x110 /opt/st/stm32cubeide_1.11.0/plugins/com.st.stm32cube.ide.mcu.externaltools.gnu-tools-for-stm32.10.3-2021.10.linux64_1.0.100.202210260954/tools/bin/../lib/gcc/arm-none-eabi/10.3.1/thumb/v7e-m+fp/hard/libgcc.a(_arm_cmpdf2.o)
                0x0000000008000a1c                __gtdf2
                0x0000000008000a1c                __gedf2
                0x0000000008000a24                __ltdf2
                0x0000000008000a24                __ledf2
                0x0000000008000a2c                __cmpdf2
                0x0000000008000a2c                __eqdf2
                0x0000000008000a2c                __nedf2
                0x0000000008000aa8                __aeabi_cdrcmple
                0x0000000008000ab8                __aeabi_cdcmple
                0x0000000008000ab8                __aeabi_cdcmpeq
                0x0000000008000ac8                __aeabi_dcmpeq
                0x0000000008000adc                __aeabi_dcmplt
                0x0000000008000af0                __aeabi_dcmple
                0x0000000008000b04                __aeabi_dcmpge
                0x0000000008000b18                __aeabi_dcmpgt
 .text          0x0000000008000b2c       0x2c /opt/st/stm32cubeide_1.11.0/plugins/com.st.stm32cube.ide.mcu.externaltools.gnu-tools-for-stm32.10.3-2021.10.linux64_1.0.100.202210260954/tools/bin/../lib/gcc/arm-none-eabi/10.3.1/thumb/v7e-m+fp/hard/libgcc.a(_arm_unorddf2.o)
                0x0000000008000b2c                __aeabi_dcmpun
                0x0000000008000b2c                __unorddf2
 .text          0x0000000008000b58       0x50 /opt/st/stm32cubeide_1.11.0/plugins/com.st.stm32cube.ide.mcu.externaltools.gnu-tools-for-stm32.10.3-2021.10.linux64_1.0.100.202210260954/tools/bin/../lib/gcc/arm-none-eabi/10.3.1/thumb/v7e-m+fp/hard/libgcc.a(_arm_fixdfsi.o)
                0x0000000008000b58                __fixdfsi
                0x0000000008000b58                __aeabi_d2iz
 .text          0x0000000008000ba8       0xa0 /opt/st/stm32cubeide_1.11.0/plugins/com.st.stm32cube.ide.mcu.externaltools.gnu-tools-for-stm32.10.3-2021.10.linux64_1.0.100.202210260954/tools/bin/../lib/gcc/arm-none-eabi/10.3.1/thumb/v7e-m+fp/hard/libgcc.a(_arm_truncdfsf2.o)
                0x0000000008000ba8                __aeabi_d2f
                0x0000000008000ba8                __truncdfsf2
 *(.text*)
 .text.controller_create
                0x0000000008000c48       0x2c ./Core/Src/Control/controller.o
                0x0000000008000c48                controller_create
 .text.controller_lunch_thread
                0x0000000008000c74       0x68 ./Core/Src/Control/controller.o
                0x0000000008000c74                controller_lunch_thread
 .text.controller_run
                0x0000000008000cdc       0x40 ./Core/Src/Control/controller.o
 *fill*         0x0000000008000d1c        0x4 
 .text.controller_process_data
                0x0000000008000d20      0x1f8 ./Core/Src/Control/controller.o
 .text.motion   0x0000000008000f18       0xec ./Core/Src/Control/controller.o
 .text.controller_update_output_data
                0x0000000008001004       0x24 ./Core/Src/Control/controller.o
 .text.pid_controller_init
                0x0000000008001028       0x68 ./Core/Src/Control/pid_controller.o
                0x0000000008001028                pid_controller_init
 .text.pid_controller
                0x0000000008001090       0xd8 ./Core/Src/Control/pid_controller.o
                0x0000000008001090                pid_controller
 .text.motion_direction
                0x0000000008001168      0x248 ./Core/Src/Control/pid_controller.o
                0x0000000008001168                motion_direction
 .text.pid_controller_angle
                0x00000000080013b0      0x1b0 ./Core/Src/Control/pid_controller.o
 .text.limit_correction_angle
                0x0000000008001560       0x38 ./Core/Src/Control/pid_controller.o
 .text.calc_integral
                0x0000000008001598       0x50 ./Core/Src/Control/pid_controller.o
 .text.check_saturation
                0x00000000080015e8       0x32 ./Core/Src/Control/pid_controller.o
 .text.check_sign
                0x000000000800161a       0x36 ./Core/Src/Control/pid_controller.o
 .text.map_ch_ref
                0x0000000008001650       0x60 ./Core/Src/Control/setpoint.o
 .text.update_setpoints
                0x00000000080016b0       0x7c ./Core/Src/Control/setpoint.o
                0x00000000080016b0                update_setpoints
 .text.init_Kalman
                0x000000000800172c      0x10c ./Core/Src/Filter/Kalman.o
                0x000000000800172c                init_Kalman
 .text.setAngle
                0x0000000008001838       0x34 ./Core/Src/Filter/Kalman.o
                0x0000000008001838                setAngle
 *fill*         0x000000000800186c        0x4 
 .text.comp_filter_angle
                0x0000000008001870      0x21c ./Core/Src/Filter/complementary_filter.o
                0x0000000008001870                comp_filter_angle
 .text.filter_create
                0x0000000008001a8c       0x44 ./Core/Src/Filter/filter.o
                0x0000000008001a8c                filter_create
 .text.filter_param_init
                0x0000000008001ad0       0x24 ./Core/Src/Filter/filter.o
 .text.filter_process_data_ex
                0x0000000008001af4       0xa4 ./Core/Src/Filter/filter.o
                0x0000000008001af4                filter_process_data_ex
 .text.filter_output_data
                0x0000000008001b98       0x30 ./Core/Src/Filter/filter.o
                0x0000000008001b98                filter_output_data
 .text.main     0x0000000008001bc8       0x70 ./Core/Src/Main/main.o
                0x0000000008001bc8                main
 .text.gpio_init
                0x0000000008001c38       0x3c ./Core/Src/Main/main.o
                0x0000000008001c38                gpio_init
 .text.SystemClock_Config
                0x0000000008001c74       0xa4 ./Core/Src/Main/main.o
                0x0000000008001c74                SystemClock_Config
 .text.Error_Handler
                0x0000000008001d18        0xa ./Core/Src/Main/main.o
                0x0000000008001d18                Error_Handler
 .text.peri_clock_init
                0x0000000008001d22       0x76 ./Core/Src/Peripherals/Clock/peri_clock.o
                0x0000000008001d22                peri_clock_init
 .text.HAL_TIM_PeriodElapsedCallback
                0x0000000008001d98       0x24 ./Core/Src/Peripherals/Clock/peri_clock.o
                0x0000000008001d98                HAL_TIM_PeriodElapsedCallback
 .text.i2c_init
                0x0000000008001dbc       0x34 ./Core/Src/Peripherals/I2C/i2c.o
                0x0000000008001dbc                i2c_init
 .text.i2c1_init
                0x0000000008001df0       0x24 ./Core/Src/Peripherals/I2C/i2c.o
                0x0000000008001df0                i2c1_init
 .text.i2c1_reset
                0x0000000008001e14       0x38 ./Core/Src/Peripherals/I2C/i2c.o
                0x0000000008001e14                i2c1_reset
 .text.config_12c1_node
                0x0000000008001e4c       0x32 ./Core/Src/Peripherals/I2C/i2c.o
                0x0000000008001e4c                config_12c1_node
 .text.i2c1_start_ret
                0x0000000008001e7e       0x7e ./Core/Src/Peripherals/I2C/i2c.o
                0x0000000008001e7e                i2c1_start_ret
 .text.i2c1_stop_ret
                0x0000000008001efc       0x34 ./Core/Src/Peripherals/I2C/i2c.o
                0x0000000008001efc                i2c1_stop_ret
 .text.check_i2c_cr2
                0x0000000008001f30       0x80 ./Core/Src/Peripherals/I2C/i2c.o
                0x0000000008001f30                check_i2c_cr2
 .text.check_i2c_isr
                0x0000000008001fb0       0x86 ./Core/Src/Peripherals/I2C/i2c.o
                0x0000000008001fb0                check_i2c_isr
 *fill*         0x0000000008002036        0x2 
 .text.send_data
                0x0000000008002038       0xb0 ./Core/Src/Peripherals/I2C/i2c.o
                0x0000000008002038                send_data
 .text.read_data
                0x00000000080020e8       0x94 ./Core/Src/Peripherals/I2C/i2c.o
                0x00000000080020e8                read_data
 .text.i2c1_read
                0x000000000800217c       0x68 ./Core/Src/Peripherals/I2C/i2c.o
                0x000000000800217c                i2c1_read
 .text.process_ibus
                0x00000000080021e4      0x110 ./Core/Src/Peripherals/Radio/radio.o
                0x00000000080021e4                process_ibus
 .text.calc_checksum
                0x00000000080022f4       0x3e ./Core/Src/Peripherals/Radio/radio.o
 .text.update_channels
                0x0000000008002332       0x22 ./Core/Src/Peripherals/Radio/radio.o
                0x0000000008002332                update_channels
 .text.status_monitor_init
                0x0000000008002354       0x12 ./Core/Src/Peripherals/Status/status_monitor.o
                0x0000000008002354                status_monitor_init
 *fill*         0x0000000008002366        0x2 
 .text.status_monitor_lunch
                0x0000000008002368       0x4c ./Core/Src/Peripherals/Status/status_monitor.o
                0x0000000008002368                status_monitor_lunch
 .text.status_led
                0x00000000080023b4       0x64 ./Core/Src/Peripherals/Status/status_monitor.o
                0x00000000080023b4                status_led
 .text.status_monitor
                0x0000000008002418       0x1c ./Core/Src/Peripherals/Status/status_monitor.o
                0x0000000008002418                status_monitor
 .text.monitor_status
                0x0000000008002434       0x64 ./Core/Src/Peripherals/Status/status_monitor.o
                0x0000000008002434                monitor_status
 .text.timer_init
                0x0000000008002498       0x68 ./Core/Src/Peripherals/Timer/timer.o
                0x0000000008002498                timer_init
 .text.motor_init
                0x0000000008002500       0x98 ./Core/Src/Peripherals/Timer/timer.o
                0x0000000008002500                motor_init
 .text.encoder_init
                0x0000000008002598      0x1cc ./Core/Src/Peripherals/Timer/timer.o
                0x0000000008002598                encoder_init
 *fill*         0x0000000008002764        0x4 
 .text.enc_counts
                0x0000000008002768      0x214 ./Core/Src/Peripherals/Timer/timer.o
                0x0000000008002768                enc_counts
 .text.restart_timer_dma
                0x000000000800297c      0x108 ./Core/Src/Peripherals/Timer/timer.o
                0x000000000800297c                restart_timer_dma
 .text.sbr_gpio_init
                0x0000000008002a84       0x2e ./Core/Src/Peripherals/Timer/timer.o
                0x0000000008002a84                sbr_gpio_init
 .text.right_motor_cw
                0x0000000008002ab2       0x3e ./Core/Src/Peripherals/Timer/timer.o
                0x0000000008002ab2                right_motor_cw
 .text.turn_motors_off
                0x0000000008002af0       0x7e ./Core/Src/Peripherals/Timer/timer.o
                0x0000000008002af0                turn_motors_off
 .text.set_motors_pwm
                0x0000000008002b6e       0xae ./Core/Src/Peripherals/Timer/timer.o
                0x0000000008002b6e                set_motors_pwm
 .text.usart_init
                0x0000000008002c1c       0x10 ./Core/Src/Peripherals/Usart/usart.o
                0x0000000008002c1c                usart_init
 .text.usart2_display_init
                0x0000000008002c2c       0xc0 ./Core/Src/Peripherals/Usart/usart.o
                0x0000000008002c2c                usart2_display_init
 .text.usart1_radio_init
                0x0000000008002cec       0xb0 ./Core/Src/Peripherals/Usart/usart.o
                0x0000000008002cec                usart1_radio_init
 .text.usart1_radio_dma_restart
                0x0000000008002d9c       0x7e ./Core/Src/Peripherals/Usart/usart.o
                0x0000000008002d9c                usart1_radio_dma_restart
 .text.usart2_tx
                0x0000000008002e1a       0x3c ./Core/Src/Peripherals/Usart/usart_comm.o
                0x0000000008002e1a                usart2_tx
 .text.usart3_tx
                0x0000000008002e56       0x3c ./Core/Src/Peripherals/Usart/usart_comm.o
                0x0000000008002e56                usart3_tx
 *fill*         0x0000000008002e92        0x2 
 .text.init_acc_gyro
                0x0000000008002e94       0x98 ./Core/Src/Sensor/imu.o
 .text.init     0x0000000008002f2c       0x10 ./Core/Src/Sensor/imu.o
 .text.init_mpu
                0x0000000008002f3c       0xd8 ./Core/Src/Sensor/imu.o
                0x0000000008002f3c                init_mpu
 .text.gyro_calib
                0x0000000008003014      0x144 ./Core/Src/Sensor/imu.o
 .text.read_accelerometer
                0x0000000008003158       0xa8 ./Core/Src/Sensor/imu.o
 .text.read_gyro
                0x0000000008003200       0xf4 ./Core/Src/Sensor/imu.o
 .text.update_mpu_imu
                0x00000000080032f4       0x30 ./Core/Src/Sensor/imu.o
                0x00000000080032f4                update_mpu_imu
 .text.sensor_create
                0x0000000008003324       0x44 ./Core/Src/Sensor/sensor.o
                0x0000000008003324                sensor_create
 .text.sensor_param_init
                0x0000000008003368       0x24 ./Core/Src/Sensor/sensor.o
 .text.sensor_process_data_ex
                0x000000000800338c       0x64 ./Core/Src/Sensor/sensor.o
                0x000000000800338c                sensor_process_data_ex
 .text.sensor_ouput_data
                0x00000000080033f0       0x30 ./Core/Src/Sensor/sensor.o
                0x00000000080033f0                sensor_ouput_data
 .text.telemetry_lunch_thread
                0x0000000008003420       0x54 ./Core/Src/Telemetry/telemetry.o
                0x0000000008003420                telemetry_lunch_thread
 .text.telemetry_run
                0x0000000008003474       0x6c ./Core/Src/Telemetry/telemetry.o
 .text.send     0x00000000080034e0       0x30 ./Core/Src/Telemetry/telemetry.o
 .text.telemetry_process_data
                0x0000000008003510       0x90 ./Core/Src/Telemetry/telemetry.o
 .text.telemetry_update_input_data
                0x00000000080035a0       0x8c ./Core/Src/Telemetry/telemetry.o
 .text.HAL_MspInit
                0x000000000800362c       0x48 ./Core/Src/stm32l4xx_hal_msp.o
                0x000000000800362c                HAL_MspInit
 .text.HAL_InitTick
                0x0000000008003674       0xb0 ./Core/Src/stm32l4xx_hal_timebase_tim.o
                0x0000000008003674                HAL_InitTick
 .text.NMI_Handler
                0x0000000008003724        0x6 ./Core/Src/stm32l4xx_it.o
                0x0000000008003724                NMI_Handler
 .text.HardFault_Handler
                0x000000000800372a        0x6 ./Core/Src/stm32l4xx_it.o
                0x000000000800372a                HardFault_Handler
 .text.MemManage_Handler
                0x0000000008003730        0x6 ./Core/Src/stm32l4xx_it.o
                0x0000000008003730                MemManage_Handler
 .text.BusFault_Handler
                0x0000000008003736        0x6 ./Core/Src/stm32l4xx_it.o
                0x0000000008003736                BusFault_Handler
 .text.UsageFault_Handler
                0x000000000800373c        0x6 ./Core/Src/stm32l4xx_it.o
                0x000000000800373c                UsageFault_Handler
 .text.DebugMon_Handler
                0x0000000008003742        0xe ./Core/Src/stm32l4xx_it.o
                0x0000000008003742                DebugMon_Handler
 .text.TIM7_IRQHandler
                0x0000000008003750       0x14 ./Core/Src/stm32l4xx_it.o
                0x0000000008003750                TIM7_IRQHandler
 .text._getpid  0x0000000008003764       0x10 ./Core/Src/syscalls.o
                0x0000000008003764                _getpid
 .text._kill    0x0000000008003774       0x20 ./Core/Src/syscalls.o
                0x0000000008003774                _kill
 .text._exit    0x0000000008003794       0x14 ./Core/Src/syscalls.o
                0x0000000008003794                _exit
 .text._read    0x00000000080037a8       0x3a ./Core/Src/syscalls.o
                0x00000000080037a8                _read
 .text._write   0x00000000080037e2       0x38 ./Core/Src/syscalls.o
                0x00000000080037e2                _write
 .text._close   0x000000000800381a       0x18 ./Core/Src/syscalls.o
                0x000000000800381a                _close
 .text._fstat   0x0000000008003832       0x20 ./Core/Src/syscalls.o
                0x0000000008003832                _fstat
 .text._isatty  0x0000000008003852       0x16 ./Core/Src/syscalls.o
                0x0000000008003852                _isatty
 .text._lseek   0x0000000008003868       0x1a ./Core/Src/syscalls.o
                0x0000000008003868                _lseek
 *fill*         0x0000000008003882        0x2 
 .text.SystemInit
                0x0000000008003884       0x24 ./Core/Src/system_stm32l4xx.o
                0x0000000008003884                SystemInit
 .text.TIM_CCMR1_w
                0x00000000080038a8      0x23c ./Core/Src/io/io.o
                0x00000000080038a8                TIM_CCMR1_w
 .text.TIM_CCER_w
                0x0000000008003ae4       0x5c ./Core/Src/io/io.o
                0x0000000008003ae4                TIM_CCER_w
 .text.TIM_ARR_w
                0x0000000008003b40       0x7c ./Core/Src/io/io.o
                0x0000000008003b40                TIM_ARR_w
 .text.TIM_PSC_w
                0x0000000008003bbc       0x80 ./Core/Src/io/io.o
                0x0000000008003bbc                TIM_PSC_w
 .text.TIM_EGR_w
                0x0000000008003c3c       0x5c ./Core/Src/io/io.o
                0x0000000008003c3c                TIM_EGR_w
 .text.TIM_CCR2_wr
                0x0000000008003c98       0x74 ./Core/Src/io/io.o
                0x0000000008003c98                TIM_CCR2_wr
 .text.TIM_CCR1_wr
                0x0000000008003d0c       0x8c ./Core/Src/io/io.o
                0x0000000008003d0c                TIM_CCR1_wr
 .text.TIM_CR1_w
                0x0000000008003d98       0x4c ./Core/Src/io/io.o
                0x0000000008003d98                TIM_CR1_w
 .text.DMA_ISR_r
                0x0000000008003de4       0x2c ./Core/Src/io/io.o
                0x0000000008003de4                DMA_ISR_r
 .text.RCC_AHB1ENR_wr
                0x0000000008003e10       0x60 ./Core/Src/io/io.o
                0x0000000008003e10                RCC_AHB1ENR_wr
 .text.RCC_APB2ENR_wr
                0x0000000008003e70       0x60 ./Core/Src/io/io.o
                0x0000000008003e70                RCC_APB2ENR_wr
 .text.DMA_IFCR_w
                0x0000000008003ed0       0x40 ./Core/Src/io/io.o
                0x0000000008003ed0                DMA_IFCR_w
 .text.DMA1_Channel_CNDTR_w
                0x0000000008003f10       0x2c ./Core/Src/io/io.o
                0x0000000008003f10                DMA1_Channel_CNDTR_w
 .text.DMA1_Channel_CPAR_w
                0x0000000008003f3c       0x2c ./Core/Src/io/io.o
                0x0000000008003f3c                DMA1_Channel_CPAR_w
 .text.DMA1_Channel_CMAR_w
                0x0000000008003f68       0x2c ./Core/Src/io/io.o
                0x0000000008003f68                DMA1_Channel_CMAR_w
 .text.DMA1_Channel_CSELR_wr
                0x0000000008003f94       0x5c ./Core/Src/io/io.o
                0x0000000008003f94                DMA1_Channel_CSELR_wr
 .text.USART_CR3_wr
                0x0000000008003ff0       0x74 ./Core/Src/io/io.o
                0x0000000008003ff0                USART_CR3_wr
 .text.DMA1_Channel_CCR_wr
                0x0000000008004064       0x70 ./Core/Src/io/io.o
                0x0000000008004064                DMA1_Channel_CCR_wr
 .text.GPIO_OTYPER_wr
                0x00000000080040d4       0x74 ./Core/Src/io/io.o
                0x00000000080040d4                GPIO_OTYPER_wr
 .text.I2C_ISR_r
                0x0000000008004148       0x34 ./Core/Src/io/io.o
                0x0000000008004148                I2C_ISR_r
 .text.I2C_CR2_wr
                0x000000000800417c       0xcc ./Core/Src/io/io.o
                0x000000000800417c                I2C_CR2_wr
 .text.I2C_CR1_wr
                0x0000000008004248       0x74 ./Core/Src/io/io.o
                0x0000000008004248                I2C_CR1_wr
 .text.I2C_TXDR_w
                0x00000000080042bc       0x2c ./Core/Src/io/io.o
                0x00000000080042bc                I2C_TXDR_w
 .text.I2C_RXDR_r
                0x00000000080042e8       0x24 ./Core/Src/io/io.o
                0x00000000080042e8                I2C_RXDR_r
 .text.I2C_TIMINGR_w
                0x000000000800430c       0x28 ./Core/Src/io/io.o
                0x000000000800430c                I2C_TIMINGR_w
 .text.USART_TDR_w
                0x0000000008004334       0x30 ./Core/Src/io/io.o
                0x0000000008004334                USART_TDR_w
 .text.USART_ISR_r
                0x0000000008004364       0x3c ./Core/Src/io/io.o
                0x0000000008004364                USART_ISR_r
 .text.USART_CR1_wr
                0x00000000080043a0       0x74 ./Core/Src/io/io.o
                0x00000000080043a0                USART_CR1_wr
 .text.USART_BRR_w
                0x0000000008004414       0x2c ./Core/Src/io/io.o
                0x0000000008004414                USART_BRR_w
 .text.RCC_APB1ENR1_wr
                0x0000000008004440       0x60 ./Core/Src/io/io.o
                0x0000000008004440                RCC_APB1ENR1_wr
 .text.RCC_AHB2ENR_wr
                0x00000000080044a0       0x60 ./Core/Src/io/io.o
                0x00000000080044a0                RCC_AHB2ENR_wr
 .text.GPIO_AFR_w
                0x0000000008004500       0x80 ./Core/Src/io/io.o
                0x0000000008004500                GPIO_AFR_w
 .text.GPIO_BSRR_w
                0x0000000008004580       0x50 ./Core/Src/io/io.o
                0x0000000008004580                GPIO_BSRR_w
 .text.GPIO_MODER_w
                0x00000000080045d0      0x210 ./Core/Src/io/io.o
                0x00000000080045d0                GPIO_MODER_w
 .text.Reset_Handler
                0x00000000080047e0       0x50 ./Core/Startup/startup_stm32l476rgtx.o
                0x00000000080047e0                Reset_Handler
 .text.Default_Handler
                0x0000000008004830        0x2 ./Core/Startup/startup_stm32l476rgtx.o
                0x0000000008004830                RTC_Alarm_IRQHandler
                0x0000000008004830                EXTI2_IRQHandler
                0x0000000008004830                TIM8_TRG_COM_IRQHandler
                0x0000000008004830                TIM8_CC_IRQHandler
                0x0000000008004830                TIM1_CC_IRQHandler
                0x0000000008004830                TSC_IRQHandler
                0x0000000008004830                TAMP_STAMP_IRQHandler
                0x0000000008004830                EXTI3_IRQHandler
                0x0000000008004830                LPTIM2_IRQHandler
                0x0000000008004830                DFSDM1_FLT1_IRQHandler
                0x0000000008004830                I2C3_ER_IRQHandler
                0x0000000008004830                DFSDM1_FLT2_IRQHandler
                0x0000000008004830                EXTI0_IRQHandler
                0x0000000008004830                I2C2_EV_IRQHandler
                0x0000000008004830                CAN1_RX0_IRQHandler
                0x0000000008004830                FPU_IRQHandler
                0x0000000008004830                TIM1_UP_TIM16_IRQHandler
                0x0000000008004830                ADC1_2_IRQHandler
                0x0000000008004830                SPI1_IRQHandler
                0x0000000008004830                TIM6_DAC_IRQHandler
                0x0000000008004830                TIM8_UP_IRQHandler
                0x0000000008004830                DMA2_Channel2_IRQHandler
                0x0000000008004830                DMA1_Channel4_IRQHandler
                0x0000000008004830                SAI2_IRQHandler
                0x0000000008004830                DFSDM1_FLT3_IRQHandler
                0x0000000008004830                USART3_IRQHandler
                0x0000000008004830                DMA1_Channel7_IRQHandler
                0x0000000008004830                CAN1_RX1_IRQHandler
                0x0000000008004830                LCD_IRQHandler
                0x0000000008004830                UART5_IRQHandler
                0x0000000008004830                ADC3_IRQHandler
                0x0000000008004830                TIM4_IRQHandler
                0x0000000008004830                DMA2_Channel1_IRQHandler
                0x0000000008004830                QUADSPI_IRQHandler
                0x0000000008004830                I2C1_EV_IRQHandler
                0x0000000008004830                DMA1_Channel6_IRQHandler
                0x0000000008004830                UART4_IRQHandler
                0x0000000008004830                DMA2_Channel4_IRQHandler
                0x0000000008004830                TIM3_IRQHandler
                0x0000000008004830                RCC_IRQHandler
                0x0000000008004830                DMA1_Channel1_IRQHandler
                0x0000000008004830                Default_Handler
                0x0000000008004830                DMA2_Channel7_IRQHandler
                0x0000000008004830                EXTI15_10_IRQHandler
                0x0000000008004830                SDMMC1_IRQHandler
                0x0000000008004830                TIM5_IRQHandler
                0x0000000008004830                I2C3_EV_IRQHandler
                0x0000000008004830                EXTI9_5_IRQHandler
                0x0000000008004830                RTC_WKUP_IRQHandler
                0x0000000008004830                PVD_PVM_IRQHandler
                0x0000000008004830                SPI2_IRQHandler
                0x0000000008004830                CAN1_TX_IRQHandler
                0x0000000008004830                DMA2_Channel5_IRQHandler
                0x0000000008004830                DMA1_Channel5_IRQHandler
                0x0000000008004830                EXTI4_IRQHandler
                0x0000000008004830                RNG_IRQHandler
                0x0000000008004830                TIM1_TRG_COM_TIM17_IRQHandler
                0x0000000008004830                DMA1_Channel3_IRQHandler
                0x0000000008004830                COMP_IRQHandler
                0x0000000008004830                WWDG_IRQHandler
                0x0000000008004830                LPUART1_IRQHandler
                0x0000000008004830                DMA2_Channel6_IRQHandler
                0x0000000008004830                TIM2_IRQHandler
                0x0000000008004830                EXTI1_IRQHandler
                0x0000000008004830                USART2_IRQHandler
                0x0000000008004830                DFSDM1_FLT0_IRQHandler
                0x0000000008004830                I2C2_ER_IRQHandler
                0x0000000008004830                DMA1_Channel2_IRQHandler
                0x0000000008004830                TIM8_BRK_IRQHandler
                0x0000000008004830                CAN1_SCE_IRQHandler
                0x0000000008004830                FLASH_IRQHandler
                0x0000000008004830                USART1_IRQHandler
                0x0000000008004830                OTG_FS_IRQHandler
                0x0000000008004830                SPI3_IRQHandler
                0x0000000008004830                I2C1_ER_IRQHandler
                0x0000000008004830                FMC_IRQHandler
                0x0000000008004830                SWPMI1_IRQHandler
                0x0000000008004830                LPTIM1_IRQHandler
                0x0000000008004830                SAI1_IRQHandler
                0x0000000008004830                DMA2_Channel3_IRQHandler
                0x0000000008004830                TIM1_BRK_TIM15_IRQHandler
 .text.HAL_Init
                0x0000000008004832       0x30 ./Drivers/STM32L4xx_HAL_Driver/Src/stm32l4xx_hal.o
                0x0000000008004832                HAL_Init
 *fill*         0x0000000008004862        0x2 
 .text.HAL_IncTick
                0x0000000008004864       0x28 ./Drivers/STM32L4xx_HAL_Driver/Src/stm32l4xx_hal.o
                0x0000000008004864                HAL_IncTick
 .text.HAL_GetTick
                0x000000000800488c       0x18 ./Drivers/STM32L4xx_HAL_Driver/Src/stm32l4xx_hal.o
                0x000000000800488c                HAL_GetTick
 .text.__NVIC_SetPriorityGrouping
                0x00000000080048a4       0x48 ./Drivers/STM32L4xx_HAL_Driver/Src/stm32l4xx_hal_cortex.o
 .text.__NVIC_GetPriorityGrouping
                0x00000000080048ec       0x1c ./Drivers/STM32L4xx_HAL_Driver/Src/stm32l4xx_hal_cortex.o
 .text.__NVIC_EnableIRQ
                0x0000000008004908       0x3c ./Drivers/STM32L4xx_HAL_Driver/Src/stm32l4xx_hal_cortex.o
 .text.__NVIC_SetPriority
                0x0000000008004944       0x54 ./Drivers/STM32L4xx_HAL_Driver/Src/stm32l4xx_hal_cortex.o
 .text.NVIC_EncodePriority
                0x0000000008004998       0x66 ./Drivers/STM32L4xx_HAL_Driver/Src/stm32l4xx_hal_cortex.o
 .text.HAL_NVIC_SetPriorityGrouping
                0x00000000080049fe       0x16 ./Drivers/STM32L4xx_HAL_Driver/Src/stm32l4xx_hal_cortex.o
                0x00000000080049fe                HAL_NVIC_SetPriorityGrouping
 .text.HAL_NVIC_SetPriority
                0x0000000008004a14       0x38 ./Drivers/STM32L4xx_HAL_Driver/Src/stm32l4xx_hal_cortex.o
                0x0000000008004a14                HAL_NVIC_SetPriority
 .text.HAL_NVIC_EnableIRQ
                0x0000000008004a4c       0x1c ./Drivers/STM32L4xx_HAL_Driver/Src/stm32l4xx_hal_cortex.o
                0x0000000008004a4c                HAL_NVIC_EnableIRQ
 .text.HAL_PWREx_GetVoltageRange
                0x0000000008004a68       0x1c ./Drivers/STM32L4xx_HAL_Driver/Src/stm32l4xx_hal_pwr_ex.o
                0x0000000008004a68                HAL_PWREx_GetVoltageRange
 .text.HAL_PWREx_ControlVoltageScaling
                0x0000000008004a84       0xac ./Drivers/STM32L4xx_HAL_Driver/Src/stm32l4xx_hal_pwr_ex.o
                0x0000000008004a84                HAL_PWREx_ControlVoltageScaling
 .text.HAL_RCC_OscConfig
                0x0000000008004b30      0x7b8 ./Drivers/STM32L4xx_HAL_Driver/Src/stm32l4xx_hal_rcc.o
                0x0000000008004b30                HAL_RCC_OscConfig
 .text.HAL_RCC_ClockConfig
                0x00000000080052e8      0x200 ./Drivers/STM32L4xx_HAL_Driver/Src/stm32l4xx_hal_rcc.o
                0x00000000080052e8                HAL_RCC_ClockConfig
 .text.HAL_RCC_GetSysClockFreq
                0x00000000080054e8      0x118 ./Drivers/STM32L4xx_HAL_Driver/Src/stm32l4xx_hal_rcc.o
                0x00000000080054e8                HAL_RCC_GetSysClockFreq
 .text.HAL_RCC_GetHCLKFreq
                0x0000000008005600       0x18 ./Drivers/STM32L4xx_HAL_Driver/Src/stm32l4xx_hal_rcc.o
                0x0000000008005600                HAL_RCC_GetHCLKFreq
 .text.HAL_RCC_GetPCLK1Freq
                0x0000000008005618       0x2c ./Drivers/STM32L4xx_HAL_Driver/Src/stm32l4xx_hal_rcc.o
                0x0000000008005618                HAL_RCC_GetPCLK1Freq
 .text.HAL_RCC_GetClockConfig
                0x0000000008005644       0x64 ./Drivers/STM32L4xx_HAL_Driver/Src/stm32l4xx_hal_rcc.o
                0x0000000008005644                HAL_RCC_GetClockConfig
 .text.RCC_SetFlashLatencyFromMSIRange
                0x00000000080056a8       0xc0 ./Drivers/STM32L4xx_HAL_Driver/Src/stm32l4xx_hal_rcc.o
 .text.HAL_TIM_Base_Init
                0x0000000008005768       0xae ./Drivers/STM32L4xx_HAL_Driver/Src/stm32l4xx_hal_tim.o
                0x0000000008005768                HAL_TIM_Base_Init
 .text.HAL_TIM_Base_MspInit
                0x0000000008005816       0x14 ./Drivers/STM32L4xx_HAL_Driver/Src/stm32l4xx_hal_tim.o
                0x0000000008005816                HAL_TIM_Base_MspInit
 *fill*         0x000000000800582a        0x2 
 .text.HAL_TIM_Base_Start_IT
                0x000000000800582c       0xe0 ./Drivers/STM32L4xx_HAL_Driver/Src/stm32l4xx_hal_tim.o
                0x000000000800582c                HAL_TIM_Base_Start_IT
 .text.HAL_TIM_IRQHandler
                0x000000000800590c      0x23e ./Drivers/STM32L4xx_HAL_Driver/Src/stm32l4xx_hal_tim.o
                0x000000000800590c                HAL_TIM_IRQHandler
 .text.HAL_TIM_OC_DelayElapsedCallback
                0x0000000008005b4a       0x14 ./Drivers/STM32L4xx_HAL_Driver/Src/stm32l4xx_hal_tim.o
                0x0000000008005b4a                HAL_TIM_OC_DelayElapsedCallback
 .text.HAL_TIM_IC_CaptureCallback
                0x0000000008005b5e       0x14 ./Drivers/STM32L4xx_HAL_Driver/Src/stm32l4xx_hal_tim.o
                0x0000000008005b5e                HAL_TIM_IC_CaptureCallback
 .text.HAL_TIM_PWM_PulseFinishedCallback
                0x0000000008005b72       0x14 ./Drivers/STM32L4xx_HAL_Driver/Src/stm32l4xx_hal_tim.o
                0x0000000008005b72                HAL_TIM_PWM_PulseFinishedCallback
 .text.HAL_TIM_TriggerCallback
                0x0000000008005b86       0x14 ./Drivers/STM32L4xx_HAL_Driver/Src/stm32l4xx_hal_tim.o
                0x0000000008005b86                HAL_TIM_TriggerCallback
 *fill*         0x0000000008005b9a        0x2 
 .text.TIM_Base_SetConfig
                0x0000000008005b9c      0x134 ./Drivers/STM32L4xx_HAL_Driver/Src/stm32l4xx_hal_tim.o
                0x0000000008005b9c                TIM_Base_SetConfig
 .text.HAL_TIMEx_CommutCallback
                0x0000000008005cd0       0x14 ./Drivers/STM32L4xx_HAL_Driver/Src/stm32l4xx_hal_tim_ex.o
                0x0000000008005cd0                HAL_TIMEx_CommutCallback
 .text.HAL_TIMEx_BreakCallback
                0x0000000008005ce4       0x14 ./Drivers/STM32L4xx_HAL_Driver/Src/stm32l4xx_hal_tim_ex.o
                0x0000000008005ce4                HAL_TIMEx_BreakCallback
 .text.HAL_TIMEx_Break2Callback
                0x0000000008005cf8       0x14 ./Drivers/STM32L4xx_HAL_Driver/Src/stm32l4xx_hal_tim_ex.o
                0x0000000008005cf8                HAL_TIMEx_Break2Callback
 .text.vApplicationGetIdleTaskMemory
                0x0000000008005d0c       0x34 ./Middlewares/Third_Party/FreeRTOS/Source/CMSIS_RTOS_V2/cmsis_os2.o
                0x0000000008005d0c                vApplicationGetIdleTaskMemory
 .text.vApplicationGetTimerTaskMemory
                0x0000000008005d40       0x34 ./Middlewares/Third_Party/FreeRTOS/Source/CMSIS_RTOS_V2/cmsis_os2.o
                0x0000000008005d40                vApplicationGetTimerTaskMemory
 .text.vListInitialise
                0x0000000008005d74       0x40 ./Middlewares/Third_Party/FreeRTOS/Source/list.o
                0x0000000008005d74                vListInitialise
 .text.vListInitialiseItem
                0x0000000008005db4       0x1a ./Middlewares/Third_Party/FreeRTOS/Source/list.o
                0x0000000008005db4                vListInitialiseItem
 .text.vListInsertEnd
                0x0000000008005dce       0x48 ./Middlewares/Third_Party/FreeRTOS/Source/list.o
                0x0000000008005dce                vListInsertEnd
 .text.vListInsert
                0x0000000008005e16       0x72 ./Middlewares/Third_Party/FreeRTOS/Source/list.o
                0x0000000008005e16                vListInsert
 .text.uxListRemove
                0x0000000008005e88       0x54 ./Middlewares/Third_Party/FreeRTOS/Source/list.o
                0x0000000008005e88                uxListRemove
 .text.xQueueGenericReset
                0x0000000008005edc       0xd0 ./Middlewares/Third_Party/FreeRTOS/Source/queue.o
                0x0000000008005edc                xQueueGenericReset
 .text.xQueueGenericCreateStatic
                0x0000000008005fac       0xee ./Middlewares/Third_Party/FreeRTOS/Source/queue.o
                0x0000000008005fac                xQueueGenericCreateStatic
 .text.xQueueGenericCreate
                0x000000000800609a       0x7c ./Middlewares/Third_Party/FreeRTOS/Source/queue.o
                0x000000000800609a                xQueueGenericCreate
 .text.prvInitialiseNewQueue
                0x0000000008006116       0x46 ./Middlewares/Third_Party/FreeRTOS/Source/queue.o
 .text.xQueueGenericSend
                0x000000000800615c      0x1fc ./Middlewares/Third_Party/FreeRTOS/Source/queue.o
                0x000000000800615c                xQueueGenericSend
 .text.xQueueGenericSendFromISR
                0x0000000008006358      0x130 ./Middlewares/Third_Party/FreeRTOS/Source/queue.o
                0x0000000008006358                xQueueGenericSendFromISR
 .text.xQueueReceive
                0x0000000008006488      0x1c0 ./Middlewares/Third_Party/FreeRTOS/Source/queue.o
                0x0000000008006488                xQueueReceive
 .text.prvCopyDataToQueue
                0x0000000008006648       0xd4 ./Middlewares/Third_Party/FreeRTOS/Source/queue.o
 .text.prvCopyDataFromQueue
                0x000000000800671c       0x4c ./Middlewares/Third_Party/FreeRTOS/Source/queue.o
 .text.prvUnlockQueue
                0x0000000008006768       0xa4 ./Middlewares/Third_Party/FreeRTOS/Source/queue.o
 .text.prvIsQueueEmpty
                0x000000000800680c       0x2c ./Middlewares/Third_Party/FreeRTOS/Source/queue.o
 .text.prvIsQueueFull
                0x0000000008006838       0x30 ./Middlewares/Third_Party/FreeRTOS/Source/queue.o
 .text.vQueueAddToRegistry
                0x0000000008006868       0x54 ./Middlewares/Third_Party/FreeRTOS/Source/queue.o
                0x0000000008006868                vQueueAddToRegistry
 .text.vQueueWaitForMessageRestricted
                0x00000000080068bc       0x68 ./Middlewares/Third_Party/FreeRTOS/Source/queue.o
                0x00000000080068bc                vQueueWaitForMessageRestricted
 .text.xTaskCreateStatic
                0x0000000008006924       0xb8 ./Middlewares/Third_Party/FreeRTOS/Source/tasks.o
                0x0000000008006924                xTaskCreateStatic
 .text.xTaskCreate
                0x00000000080069dc       0x8a ./Middlewares/Third_Party/FreeRTOS/Source/tasks.o
                0x00000000080069dc                xTaskCreate
 *fill*         0x0000000008006a66        0x2 
 .text.prvInitialiseNewTask
                0x0000000008006a68      0x13c ./Middlewares/Third_Party/FreeRTOS/Source/tasks.o
 .text.prvAddNewTaskToReadyList
                0x0000000008006ba4       0xe0 ./Middlewares/Third_Party/FreeRTOS/Source/tasks.o
 .text.vTaskDelayUntil
                0x0000000008006c84       0xfc ./Middlewares/Third_Party/FreeRTOS/Source/tasks.o
                0x0000000008006c84                vTaskDelayUntil
 .text.vTaskSuspend
                0x0000000008006d80       0xec ./Middlewares/Third_Party/FreeRTOS/Source/tasks.o
                0x0000000008006d80                vTaskSuspend
 .text.prvTaskIsTaskSuspended
                0x0000000008006e6c       0x78 ./Middlewares/Third_Party/FreeRTOS/Source/tasks.o
 .text.vTaskResume
                0x0000000008006ee4       0xbc ./Middlewares/Third_Party/FreeRTOS/Source/tasks.o
                0x0000000008006ee4                vTaskResume
 .text.vTaskStartScheduler
                0x0000000008006fa0       0xe0 ./Middlewares/Third_Party/FreeRTOS/Source/tasks.o
                0x0000000008006fa0                vTaskStartScheduler
 .text.vTaskSuspendAll
                0x0000000008007080       0x1c ./Middlewares/Third_Party/FreeRTOS/Source/tasks.o
                0x0000000008007080                vTaskSuspendAll
 .text.xTaskResumeAll
                0x000000000800709c      0x13c ./Middlewares/Third_Party/FreeRTOS/Source/tasks.o
                0x000000000800709c                xTaskResumeAll
 .text.xTaskGetTickCount
                0x00000000080071d8       0x20 ./Middlewares/Third_Party/FreeRTOS/Source/tasks.o
                0x00000000080071d8                xTaskGetTickCount
 .text.xTaskIncrementTick
                0x00000000080071f8      0x17c ./Middlewares/Third_Party/FreeRTOS/Source/tasks.o
                0x00000000080071f8                xTaskIncrementTick
 .text.vTaskSwitchContext
                0x0000000008007374       0xc8 ./Middlewares/Third_Party/FreeRTOS/Source/tasks.o
                0x0000000008007374                vTaskSwitchContext
 .text.vTaskPlaceOnEventList
                0x000000000800743c       0x48 ./Middlewares/Third_Party/FreeRTOS/Source/tasks.o
                0x000000000800743c                vTaskPlaceOnEventList
 .text.vTaskPlaceOnEventListRestricted
                0x0000000008007484       0x58 ./Middlewares/Third_Party/FreeRTOS/Source/tasks.o
                0x0000000008007484                vTaskPlaceOnEventListRestricted
 .text.xTaskRemoveFromEventList
                0x00000000080074dc       0xc8 ./Middlewares/Third_Party/FreeRTOS/Source/tasks.o
                0x00000000080074dc                xTaskRemoveFromEventList
 .text.vTaskInternalSetTimeOutState
                0x00000000080075a4       0x2c ./Middlewares/Third_Party/FreeRTOS/Source/tasks.o
                0x00000000080075a4                vTaskInternalSetTimeOutState
 .text.xTaskCheckForTimeOut
                0x00000000080075d0       0xc4 ./Middlewares/Third_Party/FreeRTOS/Source/tasks.o
                0x00000000080075d0                xTaskCheckForTimeOut
 .text.vTaskMissedYield
                0x0000000008007694       0x18 ./Middlewares/Third_Party/FreeRTOS/Source/tasks.o
                0x0000000008007694                vTaskMissedYield
 .text.prvIdleTask
                0x00000000080076ac       0x30 ./Middlewares/Third_Party/FreeRTOS/Source/tasks.o
 .text.prvInitialiseTaskLists
                0x00000000080076dc       0x80 ./Middlewares/Third_Party/FreeRTOS/Source/tasks.o
 .text.prvCheckTasksWaitingTermination
                0x000000000800775c       0x5c ./Middlewares/Third_Party/FreeRTOS/Source/tasks.o
 .text.prvDeleteTCB
                0x00000000080077b8       0x68 ./Middlewares/Third_Party/FreeRTOS/Source/tasks.o
 .text.prvResetNextTaskUnblockTime
                0x0000000008007820       0x4c ./Middlewares/Third_Party/FreeRTOS/Source/tasks.o
 .text.xTaskGetSchedulerState
                0x000000000800786c       0x3c ./Middlewares/Third_Party/FreeRTOS/Source/tasks.o
                0x000000000800786c                xTaskGetSchedulerState
 .text.xTaskPriorityDisinherit
                0x00000000080078a8       0xdc ./Middlewares/Third_Party/FreeRTOS/Source/tasks.o
                0x00000000080078a8                xTaskPriorityDisinherit
 .text.prvAddCurrentTaskToDelayedList
                0x0000000008007984       0xa8 ./Middlewares/Third_Party/FreeRTOS/Source/tasks.o
 .text.xTimerCreateTimerTask
                0x0000000008007a2c       0x90 ./Middlewares/Third_Party/FreeRTOS/Source/timers.o
                0x0000000008007a2c                xTimerCreateTimerTask
 .text.xTimerGenericCommand
                0x0000000008007abc       0x9c ./Middlewares/Third_Party/FreeRTOS/Source/timers.o
                0x0000000008007abc                xTimerGenericCommand
 .text.prvProcessExpiredTimer
                0x0000000008007b58       0x80 ./Middlewares/Third_Party/FreeRTOS/Source/timers.o
 .text.prvTimerTask
                0x0000000008007bd8       0x24 ./Middlewares/Third_Party/FreeRTOS/Source/timers.o
 .text.prvProcessTimerOrBlockTask
                0x0000000008007bfc       0x9c ./Middlewares/Third_Party/FreeRTOS/Source/timers.o
 .text.prvGetNextExpireTime
                0x0000000008007c98       0x48 ./Middlewares/Third_Party/FreeRTOS/Source/timers.o
 .text.prvSampleTimeNow
                0x0000000008007ce0       0x40 ./Middlewares/Third_Party/FreeRTOS/Source/timers.o
 .text.prvInsertTimerInActiveList
                0x0000000008007d20       0x84 ./Middlewares/Third_Party/FreeRTOS/Source/timers.o
 .text.prvProcessReceivedCommands
                0x0000000008007da4      0x168 ./Middlewares/Third_Party/FreeRTOS/Source/timers.o
 .text.prvSwitchTimerLists
                0x0000000008007f0c       0xc4 ./Middlewares/Third_Party/FreeRTOS/Source/timers.o
 .text.prvCheckForValidListAndQueue
                0x0000000008007fd0       0x80 ./Middlewares/Third_Party/FreeRTOS/Source/timers.o
 .text.pxPortInitialiseStack
                0x0000000008008050       0x68 ./Middlewares/Third_Party/FreeRTOS/Source/portable/GCC/ARM_CM4F/port.o
                0x0000000008008050                pxPortInitialiseStack
 .text.prvTaskExitError
                0x00000000080080b8       0x58 ./Middlewares/Third_Party/FreeRTOS/Source/portable/GCC/ARM_CM4F/port.o
 .text.SVC_Handler
                0x0000000008008110       0x28 ./Middlewares/Third_Party/FreeRTOS/Source/portable/GCC/ARM_CM4F/port.o
                0x0000000008008110                SVC_Handler
 .text.prvPortStartFirstTask
                0x0000000008008138       0x28 ./Middlewares/Third_Party/FreeRTOS/Source/portable/GCC/ARM_CM4F/port.o
 .text.xPortStartScheduler
                0x0000000008008160      0x144 ./Middlewares/Third_Party/FreeRTOS/Source/portable/GCC/ARM_CM4F/port.o
                0x0000000008008160                xPortStartScheduler
 .text.vPortEnterCritical
                0x00000000080082a4       0x60 ./Middlewares/Third_Party/FreeRTOS/Source/portable/GCC/ARM_CM4F/port.o
                0x00000000080082a4                vPortEnterCritical
 .text.vPortExitCritical
                0x0000000008008304       0x54 ./Middlewares/Third_Party/FreeRTOS/Source/portable/GCC/ARM_CM4F/port.o
                0x0000000008008304                vPortExitCritical
 *fill*         0x0000000008008358        0x8 
 .text.PendSV_Handler
                0x0000000008008360       0x68 ./Middlewares/Third_Party/FreeRTOS/Source/portable/GCC/ARM_CM4F/port.o
                0x0000000008008360                PendSV_Handler
 .text.SysTick_Handler
                0x00000000080083c8       0x44 ./Middlewares/Third_Party/FreeRTOS/Source/portable/GCC/ARM_CM4F/port.o
                0x00000000080083c8                SysTick_Handler
 .text.vPortSetupTimerInterrupt
                0x000000000800840c       0x48 ./Middlewares/Third_Party/FreeRTOS/Source/portable/GCC/ARM_CM4F/port.o
                0x000000000800840c                vPortSetupTimerInterrupt
 .text.vPortEnableVFP
                0x0000000008008454       0x14 ./Middlewares/Third_Party/FreeRTOS/Source/portable/GCC/ARM_CM4F/port.o
 .text.vPortValidateInterruptPriority
                0x0000000008008468       0x80 ./Middlewares/Third_Party/FreeRTOS/Source/portable/GCC/ARM_CM4F/port.o
                0x0000000008008468                vPortValidateInterruptPriority
 .text._sbrk_r  0x00000000080084e8       0xb8 ./Middlewares/Third_Party/FreeRTOS/Source/portable/MemMang/heap_4.o
                0x00000000080084e8                _sbrk_r
 .text.__malloc_lock
                0x00000000080085a0       0x52 ./Middlewares/Third_Party/FreeRTOS/Source/portable/MemMang/heap_4.o
                0x00000000080085a0                __malloc_lock
 .text.__malloc_unlock
                0x00000000080085f2       0x14 ./Middlewares/Third_Party/FreeRTOS/Source/portable/MemMang/heap_4.o
                0x00000000080085f2                __malloc_unlock
 .text.pvPortMalloc
                0x0000000008008606       0x1c ./Middlewares/Third_Party/FreeRTOS/Source/portable/MemMang/heap_4.o
                0x0000000008008606                pvPortMalloc
 .text.vPortFree
                0x0000000008008622       0x16 ./Middlewares/Third_Party/FreeRTOS/Source/portable/MemMang/heap_4.o
                0x0000000008008622                vPortFree
 .text.__errno  0x0000000008008638        0xc /opt/st/stm32cubeide_1.11.0/plugins/com.st.stm32cube.ide.mcu.externaltools.gnu-tools-for-stm32.10.3-2021.10.linux64_1.0.100.202210260954/tools/bin/../lib/gcc/arm-none-eabi/10.3.1/../../../../arm-none-eabi/lib/thumb/v7e-m+fp/hard/libc_nano.a(lib_a-errno.o)
                0x0000000008008638                __errno
 .text.std      0x0000000008008644       0x48 /opt/st/stm32cubeide_1.11.0/plugins/com.st.stm32cube.ide.mcu.externaltools.gnu-tools-for-stm32.10.3-2021.10.linux64_1.0.100.202210260954/tools/bin/../lib/gcc/arm-none-eabi/10.3.1/../../../../arm-none-eabi/lib/thumb/v7e-m+fp/hard/libc_nano.a(lib_a-findfp.o)
 .text._cleanup_r
                0x000000000800868c        0xc /opt/st/stm32cubeide_1.11.0/plugins/com.st.stm32cube.ide.mcu.externaltools.gnu-tools-for-stm32.10.3-2021.10.linux64_1.0.100.202210260954/tools/bin/../lib/gcc/arm-none-eabi/10.3.1/../../../../arm-none-eabi/lib/thumb/v7e-m+fp/hard/libc_nano.a(lib_a-findfp.o)
                0x000000000800868c                _cleanup_r
 .text.__sfmoreglue
                0x0000000008008698       0x2c /opt/st/stm32cubeide_1.11.0/plugins/com.st.stm32cube.ide.mcu.externaltools.gnu-tools-for-stm32.10.3-2021.10.linux64_1.0.100.202210260954/tools/bin/../lib/gcc/arm-none-eabi/10.3.1/../../../../arm-none-eabi/lib/thumb/v7e-m+fp/hard/libc_nano.a(lib_a-findfp.o)
                0x0000000008008698                __sfmoreglue
 .text.__sfp_lock_acquire
                0x00000000080086c4        0xc /opt/st/stm32cubeide_1.11.0/plugins/com.st.stm32cube.ide.mcu.externaltools.gnu-tools-for-stm32.10.3-2021.10.linux64_1.0.100.202210260954/tools/bin/../lib/gcc/arm-none-eabi/10.3.1/../../../../arm-none-eabi/lib/thumb/v7e-m+fp/hard/libc_nano.a(lib_a-findfp.o)
                0x00000000080086c4                __sfp_lock_acquire
 .text.__sfp_lock_release
                0x00000000080086d0        0xc /opt/st/stm32cubeide_1.11.0/plugins/com.st.stm32cube.ide.mcu.externaltools.gnu-tools-for-stm32.10.3-2021.10.linux64_1.0.100.202210260954/tools/bin/../lib/gcc/arm-none-eabi/10.3.1/../../../../arm-none-eabi/lib/thumb/v7e-m+fp/hard/libc_nano.a(lib_a-findfp.o)
                0x00000000080086d0                __sfp_lock_release
 .text.__sinit_lock_acquire
                0x00000000080086dc        0xc /opt/st/stm32cubeide_1.11.0/plugins/com.st.stm32cube.ide.mcu.externaltools.gnu-tools-for-stm32.10.3-2021.10.linux64_1.0.100.202210260954/tools/bin/../lib/gcc/arm-none-eabi/10.3.1/../../../../arm-none-eabi/lib/thumb/v7e-m+fp/hard/libc_nano.a(lib_a-findfp.o)
                0x00000000080086dc                __sinit_lock_acquire
 .text.__sinit_lock_release
                0x00000000080086e8        0xc /opt/st/stm32cubeide_1.11.0/plugins/com.st.stm32cube.ide.mcu.externaltools.gnu-tools-for-stm32.10.3-2021.10.linux64_1.0.100.202210260954/tools/bin/../lib/gcc/arm-none-eabi/10.3.1/../../../../arm-none-eabi/lib/thumb/v7e-m+fp/hard/libc_nano.a(lib_a-findfp.o)
                0x00000000080086e8                __sinit_lock_release
 .text.__sinit  0x00000000080086f4       0x70 /opt/st/stm32cubeide_1.11.0/plugins/com.st.stm32cube.ide.mcu.externaltools.gnu-tools-for-stm32.10.3-2021.10.linux64_1.0.100.202210260954/tools/bin/../lib/gcc/arm-none-eabi/10.3.1/../../../../arm-none-eabi/lib/thumb/v7e-m+fp/hard/libc_nano.a(lib_a-findfp.o)
                0x00000000080086f4                __sinit
 .text.__sfp    0x0000000008008764       0x8c /opt/st/stm32cubeide_1.11.0/plugins/com.st.stm32cube.ide.mcu.externaltools.gnu-tools-for-stm32.10.3-2021.10.linux64_1.0.100.202210260954/tools/bin/../lib/gcc/arm-none-eabi/10.3.1/../../../../arm-none-eabi/lib/thumb/v7e-m+fp/hard/libc_nano.a(lib_a-findfp.o)
                0x0000000008008764                __sfp
 .text._fwalk_reent
                0x00000000080087f0       0x3e /opt/st/stm32cubeide_1.11.0/plugins/com.st.stm32cube.ide.mcu.externaltools.gnu-tools-for-stm32.10.3-2021.10.linux64_1.0.100.202210260954/tools/bin/../lib/gcc/arm-none-eabi/10.3.1/../../../../arm-none-eabi/lib/thumb/v7e-m+fp/hard/libc_nano.a(lib_a-fwalk.o)
                0x00000000080087f0                _fwalk_reent
 *fill*         0x000000000800882e        0x2 
 .text.__libc_init_array
                0x0000000008008830       0x48 /opt/st/stm32cubeide_1.11.0/plugins/com.st.stm32cube.ide.mcu.externaltools.gnu-tools-for-stm32.10.3-2021.10.linux64_1.0.100.202210260954/tools/bin/../lib/gcc/arm-none-eabi/10.3.1/../../../../arm-none-eabi/lib/thumb/v7e-m+fp/hard/libc_nano.a(lib_a-init.o)
                0x0000000008008830                __libc_init_array
 .text.__retarget_lock_init_recursive
                0x0000000008008878        0x2 /opt/st/stm32cubeide_1.11.0/plugins/com.st.stm32cube.ide.mcu.externaltools.gnu-tools-for-stm32.10.3-2021.10.linux64_1.0.100.202210260954/tools/bin/../lib/gcc/arm-none-eabi/10.3.1/../../../../arm-none-eabi/lib/thumb/v7e-m+fp/hard/libc_nano.a(lib_a-lock.o)
                0x0000000008008878                __retarget_lock_init_recursive
 .text.__retarget_lock_acquire_recursive
                0x000000000800887a        0x2 /opt/st/stm32cubeide_1.11.0/plugins/com.st.stm32cube.ide.mcu.externaltools.gnu-tools-for-stm32.10.3-2021.10.linux64_1.0.100.202210260954/tools/bin/../lib/gcc/arm-none-eabi/10.3.1/../../../../arm-none-eabi/lib/thumb/v7e-m+fp/hard/libc_nano.a(lib_a-lock.o)
                0x000000000800887a                __retarget_lock_acquire_recursive
 .text.__retarget_lock_release_recursive
                0x000000000800887c        0x2 /opt/st/stm32cubeide_1.11.0/plugins/com.st.stm32cube.ide.mcu.externaltools.gnu-tools-for-stm32.10.3-2021.10.linux64_1.0.100.202210260954/tools/bin/../lib/gcc/arm-none-eabi/10.3.1/../../../../arm-none-eabi/lib/thumb/v7e-m+fp/hard/libc_nano.a(lib_a-lock.o)
                0x000000000800887c                __retarget_lock_release_recursive
 *fill*         0x000000000800887e        0x2 
 .text.malloc   0x0000000008008880       0x10 /opt/st/stm32cubeide_1.11.0/plugins/com.st.stm32cube.ide.mcu.externaltools.gnu-tools-for-stm32.10.3-2021.10.linux64_1.0.100.202210260954/tools/bin/../lib/gcc/arm-none-eabi/10.3.1/../../../../arm-none-eabi/lib/thumb/v7e-m+fp/hard/libc_nano.a(lib_a-malloc.o)
                0x0000000008008880                malloc
 .text.free     0x0000000008008890       0x10 /opt/st/stm32cubeide_1.11.0/plugins/com.st.stm32cube.ide.mcu.externaltools.gnu-tools-for-stm32.10.3-2021.10.linux64_1.0.100.202210260954/tools/bin/../lib/gcc/arm-none-eabi/10.3.1/../../../../arm-none-eabi/lib/thumb/v7e-m+fp/hard/libc_nano.a(lib_a-malloc.o)
                0x0000000008008890                free
 .text.memcpy   0x00000000080088a0       0x1c /opt/st/stm32cubeide_1.11.0/plugins/com.st.stm32cube.ide.mcu.externaltools.gnu-tools-for-stm32.10.3-2021.10.linux64_1.0.100.202210260954/tools/bin/../lib/gcc/arm-none-eabi/10.3.1/../../../../arm-none-eabi/lib/thumb/v7e-m+fp/hard/libc_nano.a(lib_a-memcpy-stub.o)
                0x00000000080088a0                memcpy
 .text.memset   0x00000000080088bc       0x10 /opt/st/stm32cubeide_1.11.0/plugins/com.st.stm32cube.ide.mcu.externaltools.gnu-tools-for-stm32.10.3-2021.10.linux64_1.0.100.202210260954/tools/bin/../lib/gcc/arm-none-eabi/10.3.1/../../../../arm-none-eabi/lib/thumb/v7e-m+fp/hard/libc_nano.a(lib_a-memset.o)
                0x00000000080088bc                memset
 .text._free_r  0x00000000080088cc       0x98 /opt/st/stm32cubeide_1.11.0/plugins/com.st.stm32cube.ide.mcu.externaltools.gnu-tools-for-stm32.10.3-2021.10.linux64_1.0.100.202210260954/tools/bin/../lib/gcc/arm-none-eabi/10.3.1/../../../../arm-none-eabi/lib/thumb/v7e-m+fp/hard/libc_nano.a(lib_a-nano-freer.o)
                0x00000000080088cc                _free_r
 .text.sbrk_aligned
                0x0000000008008964       0x40 /opt/st/stm32cubeide_1.11.0/plugins/com.st.stm32cube.ide.mcu.externaltools.gnu-tools-for-stm32.10.3-2021.10.linux64_1.0.100.202210260954/tools/bin/../lib/gcc/arm-none-eabi/10.3.1/../../../../arm-none-eabi/lib/thumb/v7e-m+fp/hard/libc_nano.a(lib_a-nano-mallocr.o)
 .text._malloc_r
                0x00000000080089a4       0xe8 /opt/st/stm32cubeide_1.11.0/plugins/com.st.stm32cube.ide.mcu.externaltools.gnu-tools-for-stm32.10.3-2021.10.linux64_1.0.100.202210260954/tools/bin/../lib/gcc/arm-none-eabi/10.3.1/../../../../arm-none-eabi/lib/thumb/v7e-m+fp/hard/libc_nano.a(lib_a-nano-mallocr.o)
                0x00000000080089a4                _malloc_r
 .text.__cvt    0x0000000008008a8c       0xc4 /opt/st/stm32cubeide_1.11.0/plugins/com.st.stm32cube.ide.mcu.externaltools.gnu-tools-for-stm32.10.3-2021.10.linux64_1.0.100.202210260954/tools/bin/../lib/gcc/arm-none-eabi/10.3.1/../../../../arm-none-eabi/lib/thumb/v7e-m+fp/hard/libc_nano.a(lib_a-nano-vfprintf_float.o)
                0x0000000008008a8c                __cvt
 .text.__exponent
                0x0000000008008b50       0x7c /opt/st/stm32cubeide_1.11.0/plugins/com.st.stm32cube.ide.mcu.externaltools.gnu-tools-for-stm32.10.3-2021.10.linux64_1.0.100.202210260954/tools/bin/../lib/gcc/arm-none-eabi/10.3.1/../../../../arm-none-eabi/lib/thumb/v7e-m+fp/hard/libc_nano.a(lib_a-nano-vfprintf_float.o)
                0x0000000008008b50                __exponent
 .text._printf_float
                0x0000000008008bcc      0x46c /opt/st/stm32cubeide_1.11.0/plugins/com.st.stm32cube.ide.mcu.externaltools.gnu-tools-for-stm32.10.3-2021.10.linux64_1.0.100.202210260954/tools/bin/../lib/gcc/arm-none-eabi/10.3.1/../../../../arm-none-eabi/lib/thumb/v7e-m+fp/hard/libc_nano.a(lib_a-nano-vfprintf_float.o)
                0x0000000008008bcc                _printf_float
 .text._printf_common
                0x0000000008009038       0xda /opt/st/stm32cubeide_1.11.0/plugins/com.st.stm32cube.ide.mcu.externaltools.gnu-tools-for-stm32.10.3-2021.10.linux64_1.0.100.202210260954/tools/bin/../lib/gcc/arm-none-eabi/10.3.1/../../../../arm-none-eabi/lib/thumb/v7e-m+fp/hard/libc_nano.a(lib_a-nano-vfprintf_i.o)
                0x0000000008009038                _printf_common
 *fill*         0x0000000008009112        0x2 
 .text._printf_i
                0x0000000008009114      0x24c /opt/st/stm32cubeide_1.11.0/plugins/com.st.stm32cube.ide.mcu.externaltools.gnu-tools-for-stm32.10.3-2021.10.linux64_1.0.100.202210260954/tools/bin/../lib/gcc/arm-none-eabi/10.3.1/../../../../arm-none-eabi/lib/thumb/v7e-m+fp/hard/libc_nano.a(lib_a-nano-vfprintf_i.o)
                0x0000000008009114                _printf_i
 .text.cleanup_glue
                0x0000000008009360       0x1a /opt/st/stm32cubeide_1.11.0/plugins/com.st.stm32cube.ide.mcu.externaltools.gnu-tools-for-stm32.10.3-2021.10.linux64_1.0.100.202210260954/tools/bin/../lib/gcc/arm-none-eabi/10.3.1/../../../../arm-none-eabi/lib/thumb/v7e-m+fp/hard/libc_nano.a(lib_a-reent.o)
                0x0000000008009360                cleanup_glue
 *fill*         0x000000000800937a        0x2 
 .text._reclaim_reent
                0x000000000800937c       0xb8 /opt/st/stm32cubeide_1.11.0/plugins/com.st.stm32cube.ide.mcu.externaltools.gnu-tools-for-stm32.10.3-2021.10.linux64_1.0.100.202210260954/tools/bin/../lib/gcc/arm-none-eabi/10.3.1/../../../../arm-none-eabi/lib/thumb/v7e-m+fp/hard/libc_nano.a(lib_a-reent.o)
                0x000000000800937c                _reclaim_reent
 .text.sprintf  0x0000000008009434       0x40 /opt/st/stm32cubeide_1.11.0/plugins/com.st.stm32cube.ide.mcu.externaltools.gnu-tools-for-stm32.10.3-2021.10.linux64_1.0.100.202210260954/tools/bin/../lib/gcc/arm-none-eabi/10.3.1/../../../../arm-none-eabi/lib/thumb/v7e-m+fp/hard/libc_nano.a(lib_a-sprintf.o)
                0x0000000008009434                sprintf
                0x0000000008009434                siprintf
 .text.__sread  0x0000000008009474       0x22 /opt/st/stm32cubeide_1.11.0/plugins/com.st.stm32cube.ide.mcu.externaltools.gnu-tools-for-stm32.10.3-2021.10.linux64_1.0.100.202210260954/tools/bin/../lib/gcc/arm-none-eabi/10.3.1/../../../../arm-none-eabi/lib/thumb/v7e-m+fp/hard/libc_nano.a(lib_a-stdio.o)
                0x0000000008009474                __sread
 .text.__swrite
                0x0000000008009496       0x38 /opt/st/stm32cubeide_1.11.0/plugins/com.st.stm32cube.ide.mcu.externaltools.gnu-tools-for-stm32.10.3-2021.10.linux64_1.0.100.202210260954/tools/bin/../lib/gcc/arm-none-eabi/10.3.1/../../../../arm-none-eabi/lib/thumb/v7e-m+fp/hard/libc_nano.a(lib_a-stdio.o)
                0x0000000008009496                __swrite
 .text.__sseek  0x00000000080094ce       0x24 /opt/st/stm32cubeide_1.11.0/plugins/com.st.stm32cube.ide.mcu.externaltools.gnu-tools-for-stm32.10.3-2021.10.linux64_1.0.100.202210260954/tools/bin/../lib/gcc/arm-none-eabi/10.3.1/../../../../arm-none-eabi/lib/thumb/v7e-m+fp/hard/libc_nano.a(lib_a-stdio.o)
                0x00000000080094ce                __sseek
 .text.__sclose
                0x00000000080094f2        0x8 /opt/st/stm32cubeide_1.11.0/plugins/com.st.stm32cube.ide.mcu.externaltools.gnu-tools-for-stm32.10.3-2021.10.linux64_1.0.100.202210260954/tools/bin/../lib/gcc/arm-none-eabi/10.3.1/../../../../arm-none-eabi/lib/thumb/v7e-m+fp/hard/libc_nano.a(lib_a-stdio.o)
                0x00000000080094f2                __sclose
 *fill*         0x00000000080094fa        0x2 
 .text._write_r
                0x00000000080094fc       0x24 /opt/st/stm32cubeide_1.11.0/plugins/com.st.stm32cube.ide.mcu.externaltools.gnu-tools-for-stm32.10.3-2021.10.linux64_1.0.100.202210260954/tools/bin/../lib/gcc/arm-none-eabi/10.3.1/../../../../arm-none-eabi/lib/thumb/v7e-m+fp/hard/libc_nano.a(lib_a-writer.o)
                0x00000000080094fc                _write_r
 .text._close_r
                0x0000000008009520       0x20 /opt/st/stm32cubeide_1.11.0/plugins/com.st.stm32cube.ide.mcu.externaltools.gnu-tools-for-stm32.10.3-2021.10.linux64_1.0.100.202210260954/tools/bin/../lib/gcc/arm-none-eabi/10.3.1/../../../../arm-none-eabi/lib/thumb/v7e-m+fp/hard/libc_nano.a(lib_a-closer.o)
                0x0000000008009520                _close_r
 .text.quorem   0x0000000008009540      0x116 /opt/st/stm32cubeide_1.11.0/plugins/com.st.stm32cube.ide.mcu.externaltools.gnu-tools-for-stm32.10.3-2021.10.linux64_1.0.100.202210260954/tools/bin/../lib/gcc/arm-none-eabi/10.3.1/../../../../arm-none-eabi/lib/thumb/v7e-m+fp/hard/libc_nano.a(lib_a-dtoa.o)
 *fill*         0x0000000008009656        0x2 
 .text._dtoa_r  0x0000000008009658      0xbdc /opt/st/stm32cubeide_1.11.0/plugins/com.st.stm32cube.ide.mcu.externaltools.gnu-tools-for-stm32.10.3-2021.10.linux64_1.0.100.202210260954/tools/bin/../lib/gcc/arm-none-eabi/10.3.1/../../../../arm-none-eabi/lib/thumb/v7e-m+fp/hard/libc_nano.a(lib_a-dtoa.o)
                0x0000000008009658                _dtoa_r
 .text.__sflush_r
                0x000000000800a234      0x10c /opt/st/stm32cubeide_1.11.0/plugins/com.st.stm32cube.ide.mcu.externaltools.gnu-tools-for-stm32.10.3-2021.10.linux64_1.0.100.202210260954/tools/bin/../lib/gcc/arm-none-eabi/10.3.1/../../../../arm-none-eabi/lib/thumb/v7e-m+fp/hard/libc_nano.a(lib_a-fflush.o)
                0x000000000800a234                __sflush_r
 .text._fflush_r
                0x000000000800a340       0x78 /opt/st/stm32cubeide_1.11.0/plugins/com.st.stm32cube.ide.mcu.externaltools.gnu-tools-for-stm32.10.3-2021.10.linux64_1.0.100.202210260954/tools/bin/../lib/gcc/arm-none-eabi/10.3.1/../../../../arm-none-eabi/lib/thumb/v7e-m+fp/hard/libc_nano.a(lib_a-fflush.o)
                0x000000000800a340                _fflush_r
 .text.fprintf  0x000000000800a3b8       0x24 /opt/st/stm32cubeide_1.11.0/plugins/com.st.stm32cube.ide.mcu.externaltools.gnu-tools-for-stm32.10.3-2021.10.linux64_1.0.100.202210260954/tools/bin/../lib/gcc/arm-none-eabi/10.3.1/../../../../arm-none-eabi/lib/thumb/v7e-m+fp/hard/libc_nano.a(lib_a-fprintf.o)
                0x000000000800a3b8                fprintf
                0x000000000800a3b8                fiprintf
 .text._localeconv_r
                0x000000000800a3dc        0x8 /opt/st/stm32cubeide_1.11.0/plugins/com.st.stm32cube.ide.mcu.externaltools.gnu-tools-for-stm32.10.3-2021.10.linux64_1.0.100.202210260954/tools/bin/../lib/gcc/arm-none-eabi/10.3.1/../../../../arm-none-eabi/lib/thumb/v7e-m+fp/hard/libc_nano.a(lib_a-localeconv.o)
                0x000000000800a3dc                _localeconv_r
 .text._lseek_r
                0x000000000800a3e4       0x24 /opt/st/stm32cubeide_1.11.0/plugins/com.st.stm32cube.ide.mcu.externaltools.gnu-tools-for-stm32.10.3-2021.10.linux64_1.0.100.202210260954/tools/bin/../lib/gcc/arm-none-eabi/10.3.1/../../../../arm-none-eabi/lib/thumb/v7e-m+fp/hard/libc_nano.a(lib_a-lseekr.o)
                0x000000000800a3e4                _lseek_r
 .text._Balloc  0x000000000800a408       0x80 /opt/st/stm32cubeide_1.11.0/plugins/com.st.stm32cube.ide.mcu.externaltools.gnu-tools-for-stm32.10.3-2021.10.linux64_1.0.100.202210260954/tools/bin/../lib/gcc/arm-none-eabi/10.3.1/../../../../arm-none-eabi/lib/thumb/v7e-m+fp/hard/libc_nano.a(lib_a-mprec.o)
                0x000000000800a408                _Balloc
 .text._Bfree   0x000000000800a488       0x44 /opt/st/stm32cubeide_1.11.0/plugins/com.st.stm32cube.ide.mcu.externaltools.gnu-tools-for-stm32.10.3-2021.10.linux64_1.0.100.202210260954/tools/bin/../lib/gcc/arm-none-eabi/10.3.1/../../../../arm-none-eabi/lib/thumb/v7e-m+fp/hard/libc_nano.a(lib_a-mprec.o)
                0x000000000800a488                _Bfree
 .text.__multadd
                0x000000000800a4cc       0x8c /opt/st/stm32cubeide_1.11.0/plugins/com.st.stm32cube.ide.mcu.externaltools.gnu-tools-for-stm32.10.3-2021.10.linux64_1.0.100.202210260954/tools/bin/../lib/gcc/arm-none-eabi/10.3.1/../../../../arm-none-eabi/lib/thumb/v7e-m+fp/hard/libc_nano.a(lib_a-mprec.o)
                0x000000000800a4cc                __multadd
 .text.__hi0bits
                0x000000000800a558       0x40 /opt/st/stm32cubeide_1.11.0/plugins/com.st.stm32cube.ide.mcu.externaltools.gnu-tools-for-stm32.10.3-2021.10.linux64_1.0.100.202210260954/tools/bin/../lib/gcc/arm-none-eabi/10.3.1/../../../../arm-none-eabi/lib/thumb/v7e-m+fp/hard/libc_nano.a(lib_a-mprec.o)
                0x000000000800a558                __hi0bits
 .text.__lo0bits
                0x000000000800a598       0x5e /opt/st/stm32cubeide_1.11.0/plugins/com.st.stm32cube.ide.mcu.externaltools.gnu-tools-for-stm32.10.3-2021.10.linux64_1.0.100.202210260954/tools/bin/../lib/gcc/arm-none-eabi/10.3.1/../../../../arm-none-eabi/lib/thumb/v7e-m+fp/hard/libc_nano.a(lib_a-mprec.o)
                0x000000000800a598                __lo0bits
 *fill*         0x000000000800a5f6        0x2 
 .text.__i2b    0x000000000800a5f8       0x2c /opt/st/stm32cubeide_1.11.0/plugins/com.st.stm32cube.ide.mcu.externaltools.gnu-tools-for-stm32.10.3-2021.10.linux64_1.0.100.202210260954/tools/bin/../lib/gcc/arm-none-eabi/10.3.1/../../../../arm-none-eabi/lib/thumb/v7e-m+fp/hard/libc_nano.a(lib_a-mprec.o)
                0x000000000800a5f8                __i2b
 .text.__multiply
                0x000000000800a624      0x154 /opt/st/stm32cubeide_1.11.0/plugins/com.st.stm32cube.ide.mcu.externaltools.gnu-tools-for-stm32.10.3-2021.10.linux64_1.0.100.202210260954/tools/bin/../lib/gcc/arm-none-eabi/10.3.1/../../../../arm-none-eabi/lib/thumb/v7e-m+fp/hard/libc_nano.a(lib_a-mprec.o)
                0x000000000800a624                __multiply
 .text.__pow5mult
                0x000000000800a778       0xb4 /opt/st/stm32cubeide_1.11.0/plugins/com.st.stm32cube.ide.mcu.externaltools.gnu-tools-for-stm32.10.3-2021.10.linux64_1.0.100.202210260954/tools/bin/../lib/gcc/arm-none-eabi/10.3.1/../../../../arm-none-eabi/lib/thumb/v7e-m+fp/hard/libc_nano.a(lib_a-mprec.o)
                0x000000000800a778                __pow5mult
 .text.__lshift
                0x000000000800a82c       0xe0 /opt/st/stm32cubeide_1.11.0/plugins/com.st.stm32cube.ide.mcu.externaltools.gnu-tools-for-stm32.10.3-2021.10.linux64_1.0.100.202210260954/tools/bin/../lib/gcc/arm-none-eabi/10.3.1/../../../../arm-none-eabi/lib/thumb/v7e-m+fp/hard/libc_nano.a(lib_a-mprec.o)
                0x000000000800a82c                __lshift
 .text.__mcmp   0x000000000800a90c       0x38 /opt/st/stm32cubeide_1.11.0/plugins/com.st.stm32cube.ide.mcu.externaltools.gnu-tools-for-stm32.10.3-2021.10.linux64_1.0.100.202210260954/tools/bin/../lib/gcc/arm-none-eabi/10.3.1/../../../../arm-none-eabi/lib/thumb/v7e-m+fp/hard/libc_nano.a(lib_a-mprec.o)
                0x000000000800a90c                __mcmp
 .text.__mdiff  0x000000000800a944      0x114 /opt/st/stm32cubeide_1.11.0/plugins/com.st.stm32cube.ide.mcu.externaltools.gnu-tools-for-stm32.10.3-2021.10.linux64_1.0.100.202210260954/tools/bin/../lib/gcc/arm-none-eabi/10.3.1/../../../../arm-none-eabi/lib/thumb/v7e-m+fp/hard/libc_nano.a(lib_a-mprec.o)
                0x000000000800a944                __mdiff
 .text.__d2b    0x000000000800aa58       0xb8 /opt/st/stm32cubeide_1.11.0/plugins/com.st.stm32cube.ide.mcu.externaltools.gnu-tools-for-stm32.10.3-2021.10.linux64_1.0.100.202210260954/tools/bin/../lib/gcc/arm-none-eabi/10.3.1/../../../../arm-none-eabi/lib/thumb/v7e-m+fp/hard/libc_nano.a(lib_a-mprec.o)
                0x000000000800aa58                __d2b
 .text._calloc_r
                0x000000000800ab10       0x2c /opt/st/stm32cubeide_1.11.0/plugins/com.st.stm32cube.ide.mcu.externaltools.gnu-tools-for-stm32.10.3-2021.10.linux64_1.0.100.202210260954/tools/bin/../lib/gcc/arm-none-eabi/10.3.1/../../../../arm-none-eabi/lib/thumb/v7e-m+fp/hard/libc_nano.a(lib_a-nano-callocr.o)
                0x000000000800ab10                _calloc_r
 .text.__ssputs_r
                0x000000000800ab3c       0xb6 /opt/st/stm32cubeide_1.11.0/plugins/com.st.stm32cube.ide.mcu.externaltools.gnu-tools-for-stm32.10.3-2021.10.linux64_1.0.100.202210260954/tools/bin/../lib/gcc/arm-none-eabi/10.3.1/../../../../arm-none-eabi/lib/thumb/v7e-m+fp/hard/libc_nano.a(lib_a-nano-svfprintf.o)
                0x000000000800ab3c                __ssputs_r
 *fill*         0x000000000800abf2        0x2 
 .text._svfprintf_r
                0x000000000800abf4      0x200 /opt/st/stm32cubeide_1.11.0/plugins/com.st.stm32cube.ide.mcu.externaltools.gnu-tools-for-stm32.10.3-2021.10.linux64_1.0.100.202210260954/tools/bin/../lib/gcc/arm-none-eabi/10.3.1/../../../../arm-none-eabi/lib/thumb/v7e-m+fp/hard/libc_nano.a(lib_a-nano-svfprintf.o)
                0x000000000800abf4                _svfprintf_r
                0x000000000800abf4                _svfiprintf_r
 .text.__sfputc_r
                0x000000000800adf4       0x2e /opt/st/stm32cubeide_1.11.0/plugins/com.st.stm32cube.ide.mcu.externaltools.gnu-tools-for-stm32.10.3-2021.10.linux64_1.0.100.202210260954/tools/bin/../lib/gcc/arm-none-eabi/10.3.1/../../../../arm-none-eabi/lib/thumb/v7e-m+fp/hard/libc_nano.a(lib_a-nano-vfprintf.o)
 .text.__sfputs_r
                0x000000000800ae22       0x24 /opt/st/stm32cubeide_1.11.0/plugins/com.st.stm32cube.ide.mcu.externaltools.gnu-tools-for-stm32.10.3-2021.10.linux64_1.0.100.202210260954/tools/bin/../lib/gcc/arm-none-eabi/10.3.1/../../../../arm-none-eabi/lib/thumb/v7e-m+fp/hard/libc_nano.a(lib_a-nano-vfprintf.o)
                0x000000000800ae22                __sfputs_r
 *fill*         0x000000000800ae46        0x2 
 .text._vfprintf_r
                0x000000000800ae48      0x260 /opt/st/stm32cubeide_1.11.0/plugins/com.st.stm32cube.ide.mcu.externaltools.gnu-tools-for-stm32.10.3-2021.10.linux64_1.0.100.202210260954/tools/bin/../lib/gcc/arm-none-eabi/10.3.1/../../../../arm-none-eabi/lib/thumb/v7e-m+fp/hard/libc_nano.a(lib_a-nano-vfprintf.o)
                0x000000000800ae48                _vfiprintf_r
                0x000000000800ae48                _vfprintf_r
 .text._read_r  0x000000000800b0a8       0x24 /opt/st/stm32cubeide_1.11.0/plugins/com.st.stm32cube.ide.mcu.externaltools.gnu-tools-for-stm32.10.3-2021.10.linux64_1.0.100.202210260954/tools/bin/../lib/gcc/arm-none-eabi/10.3.1/../../../../arm-none-eabi/lib/thumb/v7e-m+fp/hard/libc_nano.a(lib_a-readr.o)
                0x000000000800b0a8                _read_r
 .text.__swbuf_r
                0x000000000800b0cc       0xa4 /opt/st/stm32cubeide_1.11.0/plugins/com.st.stm32cube.ide.mcu.externaltools.gnu-tools-for-stm32.10.3-2021.10.linux64_1.0.100.202210260954/tools/bin/../lib/gcc/arm-none-eabi/10.3.1/../../../../arm-none-eabi/lib/thumb/v7e-m+fp/hard/libc_nano.a(lib_a-wbuf.o)
                0x000000000800b0cc                __swbuf_r
 .text.__swsetup_r
                0x000000000800b170       0xdc /opt/st/stm32cubeide_1.11.0/plugins/com.st.stm32cube.ide.mcu.externaltools.gnu-tools-for-stm32.10.3-2021.10.linux64_1.0.100.202210260954/tools/bin/../lib/gcc/arm-none-eabi/10.3.1/../../../../arm-none-eabi/lib/thumb/v7e-m+fp/hard/libc_nano.a(lib_a-wsetup.o)
                0x000000000800b170                __swsetup_r
 .text.__assert_func
                0x000000000800b24c       0x3c /opt/st/stm32cubeide_1.11.0/plugins/com.st.stm32cube.ide.mcu.externaltools.gnu-tools-for-stm32.10.3-2021.10.linux64_1.0.100.202210260954/tools/bin/../lib/gcc/arm-none-eabi/10.3.1/../../../../arm-none-eabi/lib/thumb/v7e-m+fp/hard/libc_nano.a(lib_a-assert.o)
                0x000000000800b24c                __assert_func
 .text.__swhatbuf_r
                0x000000000800b288       0x4a /opt/st/stm32cubeide_1.11.0/plugins/com.st.stm32cube.ide.mcu.externaltools.gnu-tools-for-stm32.10.3-2021.10.linux64_1.0.100.202210260954/tools/bin/../lib/gcc/arm-none-eabi/10.3.1/../../../../arm-none-eabi/lib/thumb/v7e-m+fp/hard/libc_nano.a(lib_a-makebuf.o)
                0x000000000800b288                __swhatbuf_r
 *fill*         0x000000000800b2d2        0x2 
 .text.__smakebuf_r
                0x000000000800b2d4       0x80 /opt/st/stm32cubeide_1.11.0/plugins/com.st.stm32cube.ide.mcu.externaltools.gnu-tools-for-stm32.10.3-2021.10.linux64_1.0.100.202210260954/tools/bin/../lib/gcc/arm-none-eabi/10.3.1/../../../../arm-none-eabi/lib/thumb/v7e-m+fp/hard/libc_nano.a(lib_a-makebuf.o)
                0x000000000800b2d4                __smakebuf_r
 .text.__ascii_mbtowc
                0x000000000800b354       0x24 /opt/st/stm32cubeide_1.11.0/plugins/com.st.stm32cube.ide.mcu.externaltools.gnu-tools-for-stm32.10.3-2021.10.linux64_1.0.100.202210260954/tools/bin/../lib/gcc/arm-none-eabi/10.3.1/../../../../arm-none-eabi/lib/thumb/v7e-m+fp/hard/libc_nano.a(lib_a-mbtowc_r.o)
                0x000000000800b354                __ascii_mbtowc
 .text.memmove  0x000000000800b378       0x34 /opt/st/stm32cubeide_1.11.0/plugins/com.st.stm32cube.ide.mcu.externaltools.gnu-tools-for-stm32.10.3-2021.10.linux64_1.0.100.202210260954/tools/bin/../lib/gcc/arm-none-eabi/10.3.1/../../../../arm-none-eabi/lib/thumb/v7e-m+fp/hard/libc_nano.a(lib_a-memmove.o)
                0x000000000800b378                memmove
 .text._realloc_r
                0x000000000800b3ac       0x5e /opt/st/stm32cubeide_1.11.0/plugins/com.st.stm32cube.ide.mcu.externaltools.gnu-tools-for-stm32.10.3-2021.10.linux64_1.0.100.202210260954/tools/bin/../lib/gcc/arm-none-eabi/10.3.1/../../../../arm-none-eabi/lib/thumb/v7e-m+fp/hard/libc_nano.a(lib_a-nano-reallocr.o)
                0x000000000800b3ac                _realloc_r
 .text.__ascii_wctomb
                0x000000000800b40a       0x1a /opt/st/stm32cubeide_1.11.0/plugins/com.st.stm32cube.ide.mcu.externaltools.gnu-tools-for-stm32.10.3-2021.10.linux64_1.0.100.202210260954/tools/bin/../lib/gcc/arm-none-eabi/10.3.1/../../../../arm-none-eabi/lib/thumb/v7e-m+fp/hard/libc_nano.a(lib_a-wctomb_r.o)
                0x000000000800b40a                __ascii_wctomb
 .text.abort    0x000000000800b424        0xe /opt/st/stm32cubeide_1.11.0/plugins/com.st.stm32cube.ide.mcu.externaltools.gnu-tools-for-stm32.10.3-2021.10.linux64_1.0.100.202210260954/tools/bin/../lib/gcc/arm-none-eabi/10.3.1/../../../../arm-none-eabi/lib/thumb/v7e-m+fp/hard/libc_nano.a(lib_a-abort.o)
                0x000000000800b424                abort
 *fill*         0x000000000800b432        0x2 
 .text._fstat_r
                0x000000000800b434       0x24 /opt/st/stm32cubeide_1.11.0/plugins/com.st.stm32cube.ide.mcu.externaltools.gnu-tools-for-stm32.10.3-2021.10.linux64_1.0.100.202210260954/tools/bin/../lib/gcc/arm-none-eabi/10.3.1/../../../../arm-none-eabi/lib/thumb/v7e-m+fp/hard/libc_nano.a(lib_a-fstatr.o)
                0x000000000800b434                _fstat_r
 .text._isatty_r
                0x000000000800b458       0x20 /opt/st/stm32cubeide_1.11.0/plugins/com.st.stm32cube.ide.mcu.externaltools.gnu-tools-for-stm32.10.3-2021.10.linux64_1.0.100.202210260954/tools/bin/../lib/gcc/arm-none-eabi/10.3.1/../../../../arm-none-eabi/lib/thumb/v7e-m+fp/hard/libc_nano.a(lib_a-isattyr.o)
                0x000000000800b458                _isatty_r
 .text._malloc_usable_size_r
                0x000000000800b478       0x10 /opt/st/stm32cubeide_1.11.0/plugins/com.st.stm32cube.ide.mcu.externaltools.gnu-tools-for-stm32.10.3-2021.10.linux64_1.0.100.202210260954/tools/bin/../lib/gcc/arm-none-eabi/10.3.1/../../../../arm-none-eabi/lib/thumb/v7e-m+fp/hard/libc_nano.a(lib_a-nano-msizer.o)
                0x000000000800b478                _malloc_usable_size_r
 .text._raise_r
                0x000000000800b488       0x50 /opt/st/stm32cubeide_1.11.0/plugins/com.st.stm32cube.ide.mcu.externaltools.gnu-tools-for-stm32.10.3-2021.10.linux64_1.0.100.202210260954/tools/bin/../lib/gcc/arm-none-eabi/10.3.1/../../../../arm-none-eabi/lib/thumb/v7e-m+fp/hard/libc_nano.a(lib_a-signal.o)
                0x000000000800b488                _raise_r
 .text.raise    0x000000000800b4d8       0x10 /opt/st/stm32cubeide_1.11.0/plugins/com.st.stm32cube.ide.mcu.externaltools.gnu-tools-for-stm32.10.3-2021.10.linux64_1.0.100.202210260954/tools/bin/../lib/gcc/arm-none-eabi/10.3.1/../../../../arm-none-eabi/lib/thumb/v7e-m+fp/hard/libc_nano.a(lib_a-signal.o)
                0x000000000800b4d8                raise
 .text._kill_r  0x000000000800b4e8       0x24 /opt/st/stm32cubeide_1.11.0/plugins/com.st.stm32cube.ide.mcu.externaltools.gnu-tools-for-stm32.10.3-2021.10.linux64_1.0.100.202210260954/tools/bin/../lib/gcc/arm-none-eabi/10.3.1/../../../../arm-none-eabi/lib/thumb/v7e-m+fp/hard/libc_nano.a(lib_a-signalr.o)
                0x000000000800b4e8                _kill_r
 .text._getpid_r
                0x000000000800b50c        0x4 /opt/st/stm32cubeide_1.11.0/plugins/com.st.stm32cube.ide.mcu.externaltools.gnu-tools-for-stm32.10.3-2021.10.linux64_1.0.100.202210260954/tools/bin/../lib/gcc/arm-none-eabi/10.3.1/../../../../arm-none-eabi/lib/thumb/v7e-m+fp/hard/libc_nano.a(lib_a-signalr.o)
                0x000000000800b50c                _getpid_r
 .text.atan2    0x000000000800b510        0x4 /opt/st/stm32cubeide_1.11.0/plugins/com.st.stm32cube.ide.mcu.externaltools.gnu-tools-for-stm32.10.3-2021.10.linux64_1.0.100.202210260954/tools/bin/../lib/gcc/arm-none-eabi/10.3.1/../../../../arm-none-eabi/lib/thumb/v7e-m+fp/hard/libm.a(lib_a-w_atan2.o)
                0x000000000800b510                atan2
 .text.sqrt     0x000000000800b514       0x58 /opt/st/stm32cubeide_1.11.0/plugins/com.st.stm32cube.ide.mcu.externaltools.gnu-tools-for-stm32.10.3-2021.10.linux64_1.0.100.202210260954/tools/bin/../lib/gcc/arm-none-eabi/10.3.1/../../../../arm-none-eabi/lib/thumb/v7e-m+fp/hard/libm.a(lib_a-w_sqrt.o)
                0x000000000800b514                sqrt
 *fill*         0x000000000800b56c        0x4 
 .text.__ieee754_atan2
                0x000000000800b570      0x194 /opt/st/stm32cubeide_1.11.0/plugins/com.st.stm32cube.ide.mcu.externaltools.gnu-tools-for-stm32.10.3-2021.10.linux64_1.0.100.202210260954/tools/bin/../lib/gcc/arm-none-eabi/10.3.1/../../../../arm-none-eabi/lib/thumb/v7e-m+fp/hard/libm.a(lib_a-e_atan2.o)
                0x000000000800b570                __ieee754_atan2
 .text.__ieee754_sqrt
                0x000000000800b704      0x164 /opt/st/stm32cubeide_1.11.0/plugins/com.st.stm32cube.ide.mcu.externaltools.gnu-tools-for-stm32.10.3-2021.10.linux64_1.0.100.202210260954/tools/bin/../lib/gcc/arm-none-eabi/10.3.1/../../../../arm-none-eabi/lib/thumb/v7e-m+fp/hard/libm.a(lib_a-e_sqrt.o)
                0x000000000800b704                __ieee754_sqrt
 .text.atan     0x000000000800b868      0x340 /opt/st/stm32cubeide_1.11.0/plugins/com.st.stm32cube.ide.mcu.externaltools.gnu-tools-for-stm32.10.3-2021.10.linux64_1.0.100.202210260954/tools/bin/../lib/gcc/arm-none-eabi/10.3.1/../../../../arm-none-eabi/lib/thumb/v7e-m+fp/hard/libm.a(lib_a-s_atan.o)
                0x000000000800b868                atan
 .text.fabs     0x000000000800bba8       0x12 /opt/st/stm32cubeide_1.11.0/plugins/com.st.stm32cube.ide.mcu.externaltools.gnu-tools-for-stm32.10.3-2021.10.linux64_1.0.100.202210260954/tools/bin/../lib/gcc/arm-none-eabi/10.3.1/../../../../arm-none-eabi/lib/thumb/v7e-m+fp/hard/libm.a(lib_a-s_fabs.o)
                0x000000000800bba8                fabs
 *(.glue_7)
 .glue_7        0x000000000800bbba        0x0 linker stubs
 *(.glue_7t)
 .glue_7t       0x000000000800bbba        0x0 linker stubs
 *(.eh_frame)
 *fill*         0x000000000800bbba        0x2 
 .eh_frame      0x000000000800bbbc        0x0 /opt/st/stm32cubeide_1.11.0/plugins/com.st.stm32cube.ide.mcu.externaltools.gnu-tools-for-stm32.10.3-2021.10.linux64_1.0.100.202210260954/tools/bin/../lib/gcc/arm-none-eabi/10.3.1/thumb/v7e-m+fp/hard/crtbegin.o
 *(.init)
 .init          0x000000000800bbbc        0x4 /opt/st/stm32cubeide_1.11.0/plugins/com.st.stm32cube.ide.mcu.externaltools.gnu-tools-for-stm32.10.3-2021.10.linux64_1.0.100.202210260954/tools/bin/../lib/gcc/arm-none-eabi/10.3.1/thumb/v7e-m+fp/hard/crti.o
                0x000000000800bbbc                _init
 .init          0x000000000800bbc0        0x8 /opt/st/stm32cubeide_1.11.0/plugins/com.st.stm32cube.ide.mcu.externaltools.gnu-tools-for-stm32.10.3-2021.10.linux64_1.0.100.202210260954/tools/bin/../lib/gcc/arm-none-eabi/10.3.1/thumb/v7e-m+fp/hard/crtn.o
 *(.fini)
 .fini          0x000000000800bbc8        0x4 /opt/st/stm32cubeide_1.11.0/plugins/com.st.stm32cube.ide.mcu.externaltools.gnu-tools-for-stm32.10.3-2021.10.linux64_1.0.100.202210260954/tools/bin/../lib/gcc/arm-none-eabi/10.3.1/thumb/v7e-m+fp/hard/crti.o
                0x000000000800bbc8                _fini
 .fini          0x000000000800bbcc        0x8 /opt/st/stm32cubeide_1.11.0/plugins/com.st.stm32cube.ide.mcu.externaltools.gnu-tools-for-stm32.10.3-2021.10.linux64_1.0.100.202210260954/tools/bin/../lib/gcc/arm-none-eabi/10.3.1/thumb/v7e-m+fp/hard/crtn.o
                0x000000000800bbd4                . = ALIGN (0x4)
                0x000000000800bbd4                _etext = .

.vfp11_veneer   0x000000000800bbd4        0x0
 .vfp11_veneer  0x000000000800bbd4        0x0 linker stubs

.v4_bx          0x000000000800bbd4        0x0
 .v4_bx         0x000000000800bbd4        0x0 linker stubs

.iplt           0x000000000800bbd4        0x0
 .iplt          0x000000000800bbd4        0x0 /opt/st/stm32cubeide_1.11.0/plugins/com.st.stm32cube.ide.mcu.externaltools.gnu-tools-for-stm32.10.3-2021.10.linux64_1.0.100.202210260954/tools/bin/../lib/gcc/arm-none-eabi/10.3.1/thumb/v7e-m+fp/hard/crtbegin.o

.rodata         0x000000000800bbd8      0x6a0
                0x000000000800bbd8                . = ALIGN (0x4)
 *(.rodata)
 .rodata        0x000000000800bbd8       0x19 ./Core/Src/Control/controller.o
 *fill*         0x000000000800bbf1        0x3 
 .rodata        0x000000000800bbf4       0x59 ./Core/Src/Main/main.o
 *fill*         0x000000000800bc4d        0x3 
 .rodata        0x000000000800bc50       0x1f ./Core/Src/Peripherals/Status/status_monitor.o
 *fill*         0x000000000800bc6f        0x1 
 .rodata        0x000000000800bc70       0x39 ./Core/Src/Sensor/imu.o
 *fill*         0x000000000800bca9        0x3 
 .rodata        0x000000000800bcac       0xce ./Core/Src/Telemetry/telemetry.o
 *fill*         0x000000000800bd7a        0x2 
 .rodata        0x000000000800bd7c        0x5 ./Middlewares/Third_Party/FreeRTOS/Source/tasks.o
 *fill*         0x000000000800bd81        0x3 
 .rodata        0x000000000800bd84        0xd ./Middlewares/Third_Party/FreeRTOS/Source/timers.o
 *(.rodata*)
 *fill*         0x000000000800bd91        0x3 
 .rodata.output_sensor
                0x000000000800bd94       0x10 ./Core/Src/Telemetry/telemetry.o
                0x000000000800bd94                output_sensor
 .rodata.output_filter
                0x000000000800bda4       0x18 ./Core/Src/Telemetry/telemetry.o
                0x000000000800bda4                output_filter
 .rodata.output_ctrl
                0x000000000800bdbc       0x28 ./Core/Src/Telemetry/telemetry.o
                0x000000000800bdbc                output_ctrl
 .rodata.AHBPrescTable
                0x000000000800bde4       0x10 ./Core/Src/system_stm32l4xx.o
                0x000000000800bde4                AHBPrescTable
 .rodata.APBPrescTable
                0x000000000800bdf4        0x8 ./Core/Src/system_stm32l4xx.o
                0x000000000800bdf4                APBPrescTable
 .rodata.MSIRangeTable
                0x000000000800bdfc       0x30 ./Core/Src/system_stm32l4xx.o
                0x000000000800bdfc                MSIRangeTable
 .rodata.__sf_fake_stderr