/opt/st/stm32cubeide_1.11.0/plugins/com.st.stm32cube.ide.mcu.externaltools.gnu-tools-for-stm32.10.3-2021.10.linux64_1.0.100.202210260954/tools/arm-none-eabi/include/reent.h:153:14:_sbrk_r	24	static
../Middlewares/Third_Party/FreeRTOS/Source/portable/MemMang/heap_4.c:205:8:sbrk	16	static
../Middlewares/Third_Party/FreeRTOS/Source/portable/MemMang/heap_4.c:207:8:_sbrk	16	static
/opt/st/stm32cubeide_1.11.0/plugins/com.st.stm32cube.ide.mcu.externaltools.gnu-tools-for-stm32.10.3-2021.10.linux64_1.0.100.202210260954/tools/arm-none-eabi/include/malloc.h:136:13:__malloc_lock	32	static,ignoring_inline_asm
/opt/st/stm32cubeide_1.11.0/plugins/com.st.stm32cube.ide.mcu.externaltools.gnu-tools-for-stm32.10.3-2021.10.linux64_1.0.100.202210260954/tools/arm-none-eabi/include/malloc.h:138:13:__malloc_unlock	16	static
../Middlewares/Third_Party/FreeRTOS/Source/portable/MemMang/heap_4.c:234:6:__env_lock	8	static
../Middlewares/Third_Party/FreeRTOS/Source/portable/MemMang/heap_4.c:235:6:__env_unlock	8	static
../Middlewares/Third_Party/FreeRTOS/Source/portable/MemMang/heap_4.c:244:9:__wrap_malloc	24	static
../Middlewares/Third_Party/FreeRTOS/Source/portable/MemMang/heap_4.c:253:9:__wrap__malloc_r	24	static
../Middlewares/Third_Party/FreeRTOS/Source/portable/MemMang/heap_4.c:268:7:pvPortMalloc	24	static
../Middlewares/Third_Party/FreeRTOS/Source/portable/MemMang/heap_4.c:272:6:vPortFree	16	static
../Middlewares/Third_Party/FreeRTOS/Source/portable/MemMang/heap_4.c:276:8:xPortGetFreeHeapSize	48	static
../Middlewares/Third_Party/FreeRTOS/Source/portable/MemMang/heap_4.c:285:6:vPortInitialiseBlocks	4	static
